Archive member included because of file (symbol)

c:/bleedingedge/bin/../lib/gcc/arm-none-eabi/4.7.4/../../../../arm-none-eabi/lib/armv7-m\libg.a(lib_a-sprintf.o)
                              ..\obj\main.o (sprintf)
c:/bleedingedge/bin/../lib/gcc/arm-none-eabi/4.7.4/../../../../arm-none-eabi/lib/armv7-m\libg.a(lib_a-svfprintf.o)
                              c:/bleedingedge/bin/../lib/gcc/arm-none-eabi/4.7.4/../../../../arm-none-eabi/lib/armv7-m\libg.a(lib_a-sprintf.o) (_svfprintf_r)
c:/bleedingedge/bin/../lib/gcc/arm-none-eabi/4.7.4/../../../../arm-none-eabi/lib/armv7-m\libg.a(lib_a-dtoa.o)
                              c:/bleedingedge/bin/../lib/gcc/arm-none-eabi/4.7.4/../../../../arm-none-eabi/lib/armv7-m\libg.a(lib_a-svfprintf.o) (_dtoa_r)
c:/bleedingedge/bin/../lib/gcc/arm-none-eabi/4.7.4/../../../../arm-none-eabi/lib/armv7-m\libg.a(lib_a-freer.o)
                              c:/bleedingedge/bin/../lib/gcc/arm-none-eabi/4.7.4/../../../../arm-none-eabi/lib/armv7-m\libg.a(lib_a-svfprintf.o) (_free_r)
c:/bleedingedge/bin/../lib/gcc/arm-none-eabi/4.7.4/../../../../arm-none-eabi/lib/armv7-m\libg.a(lib_a-impure.o)
                              c:/bleedingedge/bin/../lib/gcc/arm-none-eabi/4.7.4/../../../../arm-none-eabi/lib/armv7-m\libg.a(lib_a-sprintf.o) (_impure_ptr)
c:/bleedingedge/bin/../lib/gcc/arm-none-eabi/4.7.4/../../../../arm-none-eabi/lib/armv7-m\libg.a(lib_a-locale.o)
                              c:/bleedingedge/bin/../lib/gcc/arm-none-eabi/4.7.4/../../../../arm-none-eabi/lib/armv7-m\libg.a(lib_a-svfprintf.o) (_localeconv_r)
c:/bleedingedge/bin/../lib/gcc/arm-none-eabi/4.7.4/../../../../arm-none-eabi/lib/armv7-m\libg.a(lib_a-malloc.o)
                              c:/bleedingedge/bin/../lib/gcc/arm-none-eabi/4.7.4/../../../../arm-none-eabi/lib/armv7-m\libg.a(lib_a-dtoa.o) (malloc)
c:/bleedingedge/bin/../lib/gcc/arm-none-eabi/4.7.4/../../../../arm-none-eabi/lib/armv7-m\libg.a(lib_a-mallocr.o)
                              c:/bleedingedge/bin/../lib/gcc/arm-none-eabi/4.7.4/../../../../arm-none-eabi/lib/armv7-m\libg.a(lib_a-svfprintf.o) (_malloc_r)
c:/bleedingedge/bin/../lib/gcc/arm-none-eabi/4.7.4/../../../../arm-none-eabi/lib/armv7-m\libg.a(lib_a-memchr-stub.o)
                              c:/bleedingedge/bin/../lib/gcc/arm-none-eabi/4.7.4/../../../../arm-none-eabi/lib/armv7-m\libg.a(lib_a-svfprintf.o) (memchr)
c:/bleedingedge/bin/../lib/gcc/arm-none-eabi/4.7.4/../../../../arm-none-eabi/lib/armv7-m\libg.a(lib_a-memcpy.o)
                              c:/bleedingedge/bin/../lib/gcc/arm-none-eabi/4.7.4/../../../../arm-none-eabi/lib/armv7-m\libg.a(lib_a-dtoa.o) (memcpy)
c:/bleedingedge/bin/../lib/gcc/arm-none-eabi/4.7.4/../../../../arm-none-eabi/lib/armv7-m\libg.a(lib_a-mlock.o)
                              c:/bleedingedge/bin/../lib/gcc/arm-none-eabi/4.7.4/../../../../arm-none-eabi/lib/armv7-m\libg.a(lib_a-freer.o) (__malloc_lock)
c:/bleedingedge/bin/../lib/gcc/arm-none-eabi/4.7.4/../../../../arm-none-eabi/lib/armv7-m\libg.a(lib_a-mprec.o)
                              c:/bleedingedge/bin/../lib/gcc/arm-none-eabi/4.7.4/../../../../arm-none-eabi/lib/armv7-m\libg.a(lib_a-dtoa.o) (_Balloc)
c:/bleedingedge/bin/../lib/gcc/arm-none-eabi/4.7.4/../../../../arm-none-eabi/lib/armv7-m\libg.a(lib_a-s_fpclassify.o)
                              c:/bleedingedge/bin/../lib/gcc/arm-none-eabi/4.7.4/../../../../arm-none-eabi/lib/armv7-m\libg.a(lib_a-svfprintf.o) (__fpclassifyd)
c:/bleedingedge/bin/../lib/gcc/arm-none-eabi/4.7.4/../../../../arm-none-eabi/lib/armv7-m\libg.a(lib_a-s_frexp.o)
                              c:/bleedingedge/bin/../lib/gcc/arm-none-eabi/4.7.4/../../../../arm-none-eabi/lib/armv7-m\libg.a(lib_a-svfprintf.o) (frexp)
c:/bleedingedge/bin/../lib/gcc/arm-none-eabi/4.7.4/../../../../arm-none-eabi/lib/armv7-m\libg.a(lib_a-sbrkr.o)
                              c:/bleedingedge/bin/../lib/gcc/arm-none-eabi/4.7.4/../../../../arm-none-eabi/lib/armv7-m\libg.a(lib_a-freer.o) (_sbrk_r)
c:/bleedingedge/bin/../lib/gcc/arm-none-eabi/4.7.4/../../../../arm-none-eabi/lib/armv7-m\libg.a(lib_a-strcmp.o)
                              c:/bleedingedge/bin/../lib/gcc/arm-none-eabi/4.7.4/../../../../arm-none-eabi/lib/armv7-m\libg.a(lib_a-locale.o) (strcmp)
c:/bleedingedge/bin/../lib/gcc/arm-none-eabi/4.7.4/../../../../arm-none-eabi/lib/armv7-m\libg.a(lib_a-strlen.o)
                              c:/bleedingedge/bin/../lib/gcc/arm-none-eabi/4.7.4/../../../../arm-none-eabi/lib/armv7-m\libg.a(lib_a-svfprintf.o) (strlen)
c:/bleedingedge/bin/../lib/gcc/arm-none-eabi/4.7.4/../../../../arm-none-eabi/lib/armv7-m\libg.a(lib_a-strncpy.o)
                              c:/bleedingedge/bin/../lib/gcc/arm-none-eabi/4.7.4/../../../../arm-none-eabi/lib/armv7-m\libg.a(lib_a-svfprintf.o) (strncpy)
c:/bleedingedge/bin/../lib/gcc/arm-none-eabi/4.7.4/../../../../arm-none-eabi/lib/armv7-m\libg.a(lib_a-svfiprintf.o)
[...]
Memory Configuration

Name             Origin             Length             Attributes
rom              0x08000000         0x00020000         xr
ram              0x20000000         0x00002000         xrw
*default*        0x00000000         0xffffffff

Linker script and memory map

                0x20002000                _eram = 0x20002000

.text           0x08000000     0x8288
 *(.isr_vector)
 .isr_vector    0x08000000      0x124 ..\obj\startup_stm32f10x_md_vl.o
                0x08000000                g_pfnVectors
 *(.text*)
 .text.TIM_TimeBaseInit
                0x08000124      0x11c ..\obj\stm32f10x_tim.o
                0x08000124                TIM_TimeBaseInit
 .text.TIM_Cmd  0x08000240       0x40 ..\obj\stm32f10x_tim.o
                0x08000240                TIM_Cmd
 .text.TIM_ITConfig
                0x08000280       0x48 ..\obj\stm32f10x_tim.o
                0x08000280                TIM_ITConfig
 .text.TIM_ClearFlag
                0x080002c8       0x24 ..\obj\stm32f10x_tim.o
                0x080002c8                TIM_ClearFlag
 .text.TIM_GetITStatus
                0x080002ec       0x60 ..\obj\stm32f10x_tim.o
                0x080002ec                TIM_GetITStatus
 .text.TIM_ClearITPendingBit
                0x0800034c       0x24 ..\obj\stm32f10x_tim.o
                0x0800034c                TIM_ClearITPendingBit
 .text.Default_Reset_Handler
                0x08000370       0x6c ..\obj\startup_stm32f10x_md_vl.o
                0x08000370                Default_Reset_Handler
                0x08000370                Reset_Handler
 .text.Default_Handler
                0x080003dc        0x8 ..\obj\startup_stm32f10x_md_vl.o
                0x080003dc                EXTI2_IRQHandler
                0x080003dc                DebugMon_Handler
                0x080003dc                TIM1_CC_IRQHandler
                0x080003dc                PendSV_Handler
                0x080003dc                TIM1_UP_TIM16_IRQHandler
                0x080003dc                TIM6_DAC_IRQHandler
                0x080003dc                DMA1_Channel4_IRQHandler
                0x080003dc                ADC1_IRQHandler
                0x080003dc                DMA1_Channel7_IRQHandler
                0x080003dc                DMA1_Channel6_IRQHandler
                0x080003dc                DMA1_Channel1_IRQHandler
                0x080003dc                CEC_IRQHandler
                0x080003dc                TIM7_IRQHandler
                0x080003dc                EXTI9_5_IRQHandler
                0x080003dc                SVC_Handler
                0x080003dc                DMA1_Channel5_IRQHandler
                0x080003dc                EXTI4_IRQHandler
                0x080003dc                TIM1_TRG_COM_TIM17_IRQHandler
                0x080003dc                DMA1_Channel3_IRQHandler
                0x080003dc                DMA1_Channel2_IRQHandler
                0x080003dc                USART1_IRQHandler
                0x080003dc                TIM1_BRK_TIM15_IRQHandler
 .text.SystemInit
                0x080003e4       0xb8 ..\obj\system_stm32f10x.o
                0x080003e4                SystemInit
 .text.SetSysClock
                0x0800049c        0xc ..\obj\system_stm32f10x.o
 .text.SetSysClockTo24
                0x080004a8      0x15c ..\obj\system_stm32f10x.o
 .text.TCS3200_Init
                0x08000604       0x78 ..\obj\tcs3200.o
                0x08000604                TCS3200_Init
 .text.TCS3200_NVIC_INIT
                0x0800067c       0x68 ..\obj\tcs3200.o
                0x0800067c                TCS3200_NVIC_INIT
 .text.TCS3200_EXTI_INIT
                0x080006e4       0x30 ..\obj\tcs3200.o
                0x080006e4                TCS3200_EXTI_INIT
 .text.TCS3200_TIM_INIT
                0x08000714       0x5c ..\obj\tcs3200.o
                0x08000714                TCS3200_TIM_INIT
 .text.TCS3200_ON
                0x08000770       0x18 ..\obj\tcs3200.o
                0x08000770                TCS3200_ON
 .text.TCS3200_OFF
                0x08000788       0x18 ..\obj\tcs3200.o
                0x08000788                TCS3200_OFF
 .text.TCS3200_LED_RED
                0x080007a0       0x18 ..\obj\tcs3200.o
                0x080007a0                TCS3200_LED_RED
 .text.TCS3200_LED_BLUE
                0x080007b8       0x28 ..\obj\tcs3200.o
                0x080007b8                TCS3200_LED_BLUE
 .text.TCS3200_LED_GREEN
                0x080007e0       0x18 ..\obj\tcs3200.o
                0x080007e0                TCS3200_LED_GREEN
 .text.TCS3200_LED_CLEAR
                0x080007f8       0x28 ..\obj\tcs3200.o
                0x080007f8                TCS3200_LED_CLEAR
 .text.TCS3200_FREQ_2p
                0x08000820       0x28 ..\obj\tcs3200.o
                0x08000820                TCS3200_FREQ_2p
 .text.TCS3200_FREQ_20p
                0x08000848       0x28 ..\obj\tcs3200.o
                0x08000848                TCS3200_FREQ_20p
 .text.TCS3200_FREQ_100p
                0x08000870       0x18 ..\obj\tcs3200.o
                0x08000870                TCS3200_FREQ_100p
 .text.TCS3200_FREQ_POWER_DOWN
                0x08000888       0x18 ..\obj\tcs3200.o
                0x08000888                TCS3200_FREQ_POWER_DOWN
 .text.TCS3200_FLAG_READY_ALL
                0x080008a0       0x28 ..\obj\tcs3200.o
                0x080008a0                TCS3200_FLAG_READY_ALL
 .text.TCS3200_FLAG_CLEAR_ALL
                0x080008c8       0x18 ..\obj\tcs3200.o
                0x080008c8                TCS3200_FLAG_CLEAR_ALL
 .text.TCS3200_MEASURE_ALL_COLOR_START
                0x080008e0       0x7c ..\obj\tcs3200.o
                0x080008e0                TCS3200_MEASURE_ALL_COLOR_START
 .text.TCS3200_GET_ALL_COLOR
                0x0800095c       0xd4 ..\obj\tcs3200.o
                0x0800095c                TCS3200_GET_ALL_COLOR
 .text.EXTI0_IRQHandler
                0x08000a30       0x44 ..\obj\tcs3200.o
                0x08000a30                EXTI0_IRQHandler
 .text.TIM2_IRQHandler
                0x08000a74      0x420 ..\obj\tcs3200.o
                0x08000a74                TIM2_IRQHandler
 .text.GPIO_Init
                0x08000e94      0x1b0 ..\obj\stm32f10x_gpio.o
                0x08000e94                GPIO_Init
 .text.GPIO_ReadInputDataBit
                0x08001044       0x3c ..\obj\stm32f10x_gpio.o
                0x08001044                GPIO_ReadInputDataBit
 .text.GPIO_SetBits
                0x08001080       0x1c ..\obj\stm32f10x_gpio.o
                0x08001080                GPIO_SetBits
 .text.GPIO_ResetBits
                0x0800109c       0x1c ..\obj\stm32f10x_gpio.o
                0x0800109c                GPIO_ResetBits
 .text.GPIO_WriteBit
                0x080010b8       0x30 ..\obj\stm32f10x_gpio.o
                0x080010b8                GPIO_WriteBit
 .text.GPIO_EXTILineConfig
                0x080010e8       0xb0 ..\obj\stm32f10x_gpio.o
                0x080010e8                GPIO_EXTILineConfig
 .text.main     0x08001198      0x26c ..\obj\main.o
                0x08001198                main
 .text.LCD_WriteNibble
                0x08001404       0xa4 ..\obj\lcd_hd44780_lib.o
                0x08001404                LCD_WriteNibble
 .text.LCD_ReadNibble
                0x080014a8       0xbc ..\obj\lcd_hd44780_lib.o
                0x080014a8                LCD_ReadNibble
 .text.LCD_ReadStatus
                0x08001564       0xc4 ..\obj\lcd_hd44780_lib.o
                0x08001564                LCD_ReadStatus
 .text.LCD_WriteData
                0x08001628       0x68 ..\obj\lcd_hd44780_lib.o
                0x08001628                LCD_WriteData
 .text.LCD_WriteCommand
                0x08001690       0x54 ..\obj\lcd_hd44780_lib.o
                0x08001690                LCD_WriteCommand
 .text.LCD_GoTo
                0x080016e4       0x34 ..\obj\lcd_hd44780_lib.o
                0x080016e4                LCD_GoTo
 .text.LCD_WriteTextXY
                0x08001718       0x40 ..\obj\lcd_hd44780_lib.o
                0x08001718                LCD_WriteTextXY
 .text.LCD_Initialize
                0x08001758      0x110 ..\obj\lcd_hd44780_lib.o
                0x08001758                LCD_Initialize
 .text.NVIC_SetPriority
                0x08001868       0x5c ..\obj\system.o
 .text.SysTick_Config
                0x080018c4       0x64 ..\obj\system.o
 .text.PeripheralInit
                0x08001928       0x14 ..\obj\system.o
                0x08001928                PeripheralInit
 .text.RccInit  0x0800193c       0xa4 ..\obj\system.o
                0x0800193c                RccInit
 .text.GPIOInit
                0x080019e0       0x34 ..\obj\system.o
                0x080019e0                GPIOInit
 .text.NvicInit
                0x08001a14        0xc ..\obj\system.o
                0x08001a14                NvicInit
 .text.TimingDelay_Decrement
                0x08001a20       0x30 ..\obj\Delay.o
                0x08001a20                TimingDelay_Decrement
 .text.Delay_ms
                0x08001a50       0x30 ..\obj\Delay.o
                0x08001a50                Delay_ms
 .text.IncreaseMillis
                0x08001a80       0x24 ..\obj\Delay.o
                0x08001a80                IncreaseMillis
 .text.RCC_HSEConfig
                0x08001aa4       0x88 ..\obj\stm32f10x_rcc.o
                0x08001aa4                RCC_HSEConfig
 .text.RCC_WaitForHSEStartUp
                0x08001b2c       0x64 ..\obj\stm32f10x_rcc.o
                0x08001b2c                RCC_WaitForHSEStartUp
 .text.RCC_PLLConfig
                0x08001b90       0x48 ..\obj\stm32f10x_rcc.o
                0x08001b90                RCC_PLLConfig
 .text.RCC_PLLCmd
                0x08001bd8       0x20 ..\obj\stm32f10x_rcc.o
                0x08001bd8                RCC_PLLCmd
 .text.RCC_SYSCLKConfig
                0x08001bf8       0x40 ..\obj\stm32f10x_rcc.o
                0x08001bf8                RCC_SYSCLKConfig
 .text.RCC_GetSYSCLKSource
                0x08001c38       0x20 ..\obj\stm32f10x_rcc.o
                0x08001c38                RCC_GetSYSCLKSource
 .text.RCC_HCLKConfig
                0x08001c58       0x40 ..\obj\stm32f10x_rcc.o
                0x08001c58                RCC_HCLKConfig
 .text.RCC_PCLK1Config
                0x08001c98       0x40 ..\obj\stm32f10x_rcc.o
                0x08001c98                RCC_PCLK1Config
 .text.RCC_PCLK2Config
                0x08001cd8       0x44 ..\obj\stm32f10x_rcc.o
                0x08001cd8                RCC_PCLK2Config
 .text.RCC_GetClocksFreq
                0x08001d1c      0x1cc ..\obj\stm32f10x_rcc.o
                0x08001d1c                RCC_GetClocksFreq
 .text.RCC_APB2PeriphClockCmd
                0x08001ee8       0x54 ..\obj\stm32f10x_rcc.o
                0x08001ee8                RCC_APB2PeriphClockCmd
 .text.RCC_APB1PeriphClockCmd
                0x08001f3c       0x54 ..\obj\stm32f10x_rcc.o
                0x08001f3c                RCC_APB1PeriphClockCmd
 .text.RCC_GetFlagStatus
                0x08001f90       0x90 ..\obj\stm32f10x_rcc.o
                0x08001f90                RCC_GetFlagStatus
 .text.EXTI_Init
                0x08002020      0x138 ..\obj\stm32f10x_exti.o
                0x08002020                EXTI_Init
 .text.EXTI_GetITStatus
                0x08002158       0x58 ..\obj\stm32f10x_exti.o
                0x08002158                EXTI_GetITStatus
 .text.EXTI_ClearITPendingBit
                0x080021b0       0x20 ..\obj\stm32f10x_exti.o
                0x080021b0                EXTI_ClearITPendingBit
 .text._sbrk    0x080021d0       0x5c ..\obj\syscalls.o
                0x080021d0                _sbrk
 .text.FLASH_SetLatency
                0x0800222c       0x40 ..\obj\stm32f10x_flash.o
                0x0800222c                FLASH_SetLatency
 .text.FLASH_PrefetchBufferCmd
                0x0800226c       0x44 ..\obj\stm32f10x_flash.o
                0x0800226c                FLASH_PrefetchBufferCmd
 .text.NMI_Handler
                0x080022b0        0xc ..\obj\stm32f10x_it.o
                0x080022b0                NMI_Handler
 .text.HardFault_Handler
                0x080022bc        0x8 ..\obj\stm32f10x_it.o
                0x080022bc                HardFault_Handler
 .text.MemManage_Handler
                0x080022c4        0x8 ..\obj\stm32f10x_it.o
                0x080022c4                MemManage_Handler
 .text.BusFault_Handler
                0x080022cc        0x8 ..\obj\stm32f10x_it.o
                0x080022cc                BusFault_Handler
 .text.UsageFault_Handler
                0x080022d4        0x8 ..\obj\stm32f10x_it.o
                0x080022d4                UsageFault_Handler
 .text.SysTick_Handler
                0x080022dc       0x10 ..\obj\stm32f10x_it.o
                0x080022dc                SysTick_Handler
 .text.WWDG_IRQHandler
                0x080022ec        0xc ..\obj\stm32f10x_it.o
                0x080022ec                WWDG_IRQHandler
 .text.PVD_IRQHandler
                0x080022f8        0xc ..\obj\stm32f10x_it.o
                0x080022f8                PVD_IRQHandler
 .text.TAMPER_IRQHandler
                0x08002304        0xc ..\obj\stm32f10x_it.o
                0x08002304                TAMPER_IRQHandler
 .text.RTC_IRQHandler
                0x08002310        0xc ..\obj\stm32f10x_it.o
                0x08002310                RTC_IRQHandler
 .text.FLASH_IRQHandler
                0x0800231c        0xc ..\obj\stm32f10x_it.o
                0x0800231c                FLASH_IRQHandler
 .text.RCC_IRQHandler
                0x08002328        0xc ..\obj\stm32f10x_it.o
                0x08002328                RCC_IRQHandler
 .text.EXTI1_IRQHandler
                0x08002334        0xc ..\obj\stm32f10x_it.o
                0x08002334                EXTI1_IRQHandler
 .text.EXTI3_IRQHandler
                0x08002340        0xc ..\obj\stm32f10x_it.o
                0x08002340                EXTI3_IRQHandler
 .text.TIM3_IRQHandler
                0x0800234c       0x2c ..\obj\stm32f10x_it.o
                0x0800234c                TIM3_IRQHandler
 .text.TIM4_IRQHandler
                0x08002378       0x2c ..\obj\stm32f10x_it.o
                0x08002378                TIM4_IRQHandler
 .text.I2C1_EV_IRQHandler
                0x080023a4        0xc ..\obj\stm32f10x_it.o
                0x080023a4                I2C1_EV_IRQHandler
 .text.I2C1_ER_IRQHandler
                0x080023b0        0xc ..\obj\stm32f10x_it.o
                0x080023b0                I2C1_ER_IRQHandler
 .text.I2C2_EV_IRQHandler
                0x080023bc        0xc ..\obj\stm32f10x_it.o
                0x080023bc                I2C2_EV_IRQHandler
 .text.I2C2_ER_IRQHandler
                0x080023c8        0xc ..\obj\stm32f10x_it.o
                0x080023c8                I2C2_ER_IRQHandler
 .text.SPI1_IRQHandler
                0x080023d4        0xc ..\obj\stm32f10x_it.o
                0x080023d4                SPI1_IRQHandler
 .text.SPI2_IRQHandler
                0x080023e0        0xc ..\obj\stm32f10x_it.o
                0x080023e0                SPI2_IRQHandler
 .text.USART2_IRQHandler
                0x080023ec        0xc ..\obj\stm32f10x_it.o
                0x080023ec                USART2_IRQHandler
 .text.USART3_IRQHandler
                0x080023f8        0xc ..\obj\stm32f10x_it.o
                0x080023f8                USART3_IRQHandler
 .text.EXTI15_10_IRQHandler
                0x08002404        0xc ..\obj\stm32f10x_it.o
                0x08002404                EXTI15_10_IRQHandler
 .text.RTCAlarm_IRQHandler
                0x08002410        0xc ..\obj\stm32f10x_it.o
                0x08002410                RTCAlarm_IRQHandler
 .text.NVIC_PriorityGroupConfig
                0x0800241c       0x28 ..\obj\misc.o
                0x0800241c                NVIC_PriorityGroupConfig
 .text.NVIC_Init
                0x08002444       0xe8 ..\obj\misc.o
                0x08002444                NVIC_Init
 .text.sprintf  0x0800252c       0x50 c:/bleedingedge/bin/../lib/gcc/arm-none-eabi/4.7.4/../../../../arm-none-eabi/lib/armv7-m\libg.a(lib_a-sprintf.o)
                0x0800252c                sprintf
 .text._svfprintf_r
                0x0800257c     0x1910 c:/bleedingedge/bin/../lib/gcc/arm-none-eabi/4.7.4/../../../../arm-none-eabi/lib/armv7-m\libg.a(lib_a-svfprintf.o)
                0x0800257c                _svfprintf_r
 .text.quorem   0x08003e8c      0x2ec c:/bleedingedge/bin/../lib/gcc/arm-none-eabi/4.7.4/../../../../arm-none-eabi/lib/armv7-m\libg.a(lib_a-dtoa.o)
 .text._dtoa_r  0x08004178     0x1258 c:/bleedingedge/bin/../lib/gcc/arm-none-eabi/4.7.4/../../../../arm-none-eabi/lib/armv7-m\libg.a(lib_a-dtoa.o)
                0x08004178                _dtoa_r
 .text._malloc_trim_r
                0x080053d0       0x98 c:/bleedingedge/bin/../lib/gcc/arm-none-eabi/4.7.4/../../../../arm-none-eabi/lib/armv7-m\libg.a(lib_a-freer.o)
                0x080053d0                _malloc_trim_r
 .text._free_r  0x08005468      0x194 c:/bleedingedge/bin/../lib/gcc/arm-none-eabi/4.7.4/../../../../arm-none-eabi/lib/armv7-m\libg.a(lib_a-freer.o)
                0x08005468                _free_r
 .text._localeconv_r
                0x080055fc        0xc c:/bleedingedge/bin/../lib/gcc/arm-none-eabi/4.7.4/../../../../arm-none-eabi/lib/armv7-m\libg.a(lib_a-locale.o)
                0x080055fc                _localeconv_r
 .text.malloc   0x08005608       0x10 c:/bleedingedge/bin/../lib/gcc/arm-none-eabi/4.7.4/../../../../arm-none-eabi/lib/armv7-m\libg.a(lib_a-malloc.o)
                0x08005608                malloc
 .text._malloc_r
                0x08005618      0x530 c:/bleedingedge/bin/../lib/gcc/arm-none-eabi/4.7.4/../../../../arm-none-eabi/lib/armv7-m\libg.a(lib_a-mallocr.o)
                0x08005618                _malloc_r
 .text.memchr   0x08005b48      0x140 c:/bleedingedge/bin/../lib/gcc/arm-none-eabi/4.7.4/../../../../arm-none-eabi/lib/armv7-m\libg.a(lib_a-memchr-stub.o)
                0x08005b48                memchr
 .text          0x08005c88       0xec c:/bleedingedge/bin/../lib/gcc/arm-none-eabi/4.7.4/../../../../arm-none-eabi/lib/armv7-m\libg.a(lib_a-memcpy.o)
                0x08005c88                memcpy
 .text.__malloc_lock
                0x08005d74        0x4 c:/bleedingedge/bin/../lib/gcc/arm-none-eabi/4.7.4/../../../../arm-none-eabi/lib/armv7-m\libg.a(lib_a-mlock.o)
                0x08005d74                __malloc_lock
 .text.__malloc_unlock
                0x08005d78        0x4 c:/bleedingedge/bin/../lib/gcc/arm-none-eabi/4.7.4/../../../../arm-none-eabi/lib/armv7-m\libg.a(lib_a-mlock.o)
                0x08005d78                __malloc_unlock
 .text._Balloc  0x08005d7c       0x68 c:/bleedingedge/bin/../lib/gcc/arm-none-eabi/4.7.4/../../../../arm-none-eabi/lib/armv7-m\libg.a(lib_a-mprec.o)
                0x08005d7c                _Balloc
 .text._Bfree   0x08005de4       0x38 c:/bleedingedge/bin/../lib/gcc/arm-none-eabi/4.7.4/../../../../arm-none-eabi/lib/armv7-m\libg.a(lib_a-mprec.o)
                0x08005de4                _Bfree
 .text.__multadd
                0x08005e1c       0xf4 c:/bleedingedge/bin/../lib/gcc/arm-none-eabi/4.7.4/../../../../arm-none-eabi/lib/armv7-m\libg.a(lib_a-mprec.o)
                0x08005e1c                __multadd
 .text.__hi0bits
                0x08005f10       0x3c c:/bleedingedge/bin/../lib/gcc/arm-none-eabi/4.7.4/../../../../arm-none-eabi/lib/armv7-m\libg.a(lib_a-mprec.o)
                0x08005f10                __hi0bits
 .text.__lo0bits
                0x08005f4c       0x5c c:/bleedingedge/bin/../lib/gcc/arm-none-eabi/4.7.4/../../../../arm-none-eabi/lib/armv7-m\libg.a(lib_a-mprec.o)
                0x08005f4c                __lo0bits
 .text.__i2b    0x08005fa8       0x14 c:/bleedingedge/bin/../lib/gcc/arm-none-eabi/4.7.4/../../../../arm-none-eabi/lib/armv7-m\libg.a(lib_a-mprec.o)
                0x08005fa8                __i2b
 .text.__multiply
                0x08005fbc      0x2d0 c:/bleedingedge/bin/../lib/gcc/arm-none-eabi/4.7.4/../../../../arm-none-eabi/lib/armv7-m\libg.a(lib_a-mprec.o)
                0x08005fbc                __multiply
 .text.__pow5mult
                0x0800628c       0xa4 c:/bleedingedge/bin/../lib/gcc/arm-none-eabi/4.7.4/../../../../arm-none-eabi/lib/armv7-m\libg.a(lib_a-mprec.o)
                0x0800628c                __pow5mult
 .text.__lshift
                0x08006330      0x174 c:/bleedingedge/bin/../lib/gcc/arm-none-eabi/4.7.4/../../../../arm-none-eabi/lib/armv7-m\libg.a(lib_a-mprec.o)
                0x08006330                __lshift
 .text.__mcmp   0x080064a4       0x5c c:/bleedingedge/bin/../lib/gcc/arm-none-eabi/4.7.4/../../../../arm-none-eabi/lib/armv7-m\libg.a(lib_a-mprec.o)
                0x080064a4                __mcmp
 .text.__mdiff  0x08006500      0x218 c:/bleedingedge/bin/../lib/gcc/arm-none-eabi/4.7.4/../../../../arm-none-eabi/lib/armv7-m\libg.a(lib_a-mprec.o)
                0x08006500                __mdiff
 .text.__d2b    0x08006718       0xc0 c:/bleedingedge/bin/../lib/gcc/arm-none-eabi/4.7.4/../../../../arm-none-eabi/lib/armv7-m\libg.a(lib_a-mprec.o)
                0x08006718                __d2b
 .text.__fpclassifyd
                0x080067d8       0x68 c:/bleedingedge/bin/../lib/gcc/arm-none-eabi/4.7.4/../../../../arm-none-eabi/lib/armv7-m\libg.a(lib_a-s_fpclassify.o)
                0x080067d8                __fpclassifyd
 .text.frexp    0x08006840       0x6c c:/bleedingedge/bin/../lib/gcc/arm-none-eabi/4.7.4/../../../../arm-none-eabi/lib/armv7-m\libg.a(lib_a-s_frexp.o)
                0x08006840                frexp
 .text._sbrk_r  0x080068ac       0x24 c:/bleedingedge/bin/../lib/gcc/arm-none-eabi/4.7.4/../../../../arm-none-eabi/lib/armv7-m\libg.a(lib_a-sbrkr.o)
                0x080068ac                _sbrk_r
 .text.strlen   0x080068d0       0x60 c:/bleedingedge/bin/../lib/gcc/arm-none-eabi/4.7.4/../../../../arm-none-eabi/lib/armv7-m\libg.a(lib_a-strlen.o)
                0x080068d0                strlen
 .text.strncpy  0x08006930      0x10c c:/bleedingedge/bin/../lib/gcc/arm-none-eabi/4.7.4/../../../../arm-none-eabi/lib/armv7-m\libg.a(lib_a-strncpy.o)
                0x08006930                strncpy
 .text.__ssputs_r
                0x08006a3c       0xcc c:/bleedingedge/bin/../lib/gcc/arm-none-eabi/4.7.4/../../../../arm-none-eabi/lib/armv7-m\libg.a(lib_a-svfiprintf.o)
                0x08006a3c                __ssputs_r
 .text._calloc_r
                0x08006b08       0x60 c:/bleedingedge/bin/../lib/gcc/arm-none-eabi/4.7.4/../../../../arm-none-eabi/lib/armv7-m\libg.a(lib_a-callocr.o)
                0x08006b08                _calloc_r
 .text.memmove  0x08006b68      0x1b0 c:/bleedingedge/bin/../lib/gcc/arm-none-eabi/4.7.4/../../../../arm-none-eabi/lib/armv7-m\libg.a(lib_a-memmove.o)
                0x08006b68                memmove
 .text.memset   0x08006d18      0x12c c:/bleedingedge/bin/../lib/gcc/arm-none-eabi/4.7.4/../../../../arm-none-eabi/lib/armv7-m\libg.a(lib_a-memset.o)
                0x08006d18                memset
 .text._realloc_r
                0x08006e44      0x3ec c:/bleedingedge/bin/../lib/gcc/arm-none-eabi/4.7.4/../../../../arm-none-eabi/lib/armv7-m\libg.a(lib_a-reallocr.o)
                0x08006e44                _realloc_r
 .text          0x08007230      0x370 c:/bleedingedge/bin/../lib/gcc/arm-none-eabi/4.7.4/armv7-m\libgcc.a(_arm_addsubdf3.o)
                0x08007230                __aeabi_drsub
                0x08007238                __aeabi_dsub
                0x08007238                __subdf3
                0x0800723c                __aeabi_dadd
                0x0800723c                __adddf3
                0x080074b4                __floatunsidf
                0x080074b4                __aeabi_ui2d
                0x080074d4                __floatsidf
                0x080074d4                __aeabi_i2d
                0x080074f8                __aeabi_f2d
                0x080074f8                __extendsfdf2
                0x08007534                __floatundidf
                0x08007534                __aeabi_ul2d
                0x08007544                __floatdidf
                0x08007544                __aeabi_l2d
 .text          0x080075a0      0x424 c:/bleedingedge/bin/../lib/gcc/arm-none-eabi/4.7.4/armv7-m\libgcc.a(_arm_muldivdf3.o)
                0x080075a0                __aeabi_dmul
                0x080075a0                __muldf3
                0x080077f4                __divdf3
                0x080077f4                __aeabi_ddiv
 .text          0x080079c4      0x110 c:/bleedingedge/bin/../lib/gcc/arm-none-eabi/4.7.4/armv7-m\libgcc.a(_arm_cmpdf2.o)
                0x080079c4                __gtdf2
                0x080079c4                __gedf2
                0x080079cc                __ltdf2
                0x080079cc                __ledf2
                0x080079d4                __nedf2
                0x080079d4                __eqdf2
                0x080079d4                __cmpdf2
                0x08007a50                __aeabi_cdrcmple
                0x08007a60                __aeabi_cdcmpeq
                0x08007a60                __aeabi_cdcmple
                0x08007a70                __aeabi_dcmpeq
                0x08007a84                __aeabi_dcmplt
                0x08007a98                __aeabi_dcmple
                0x08007aac                __aeabi_dcmpge
                0x08007ac0                __aeabi_dcmpgt
 .text          0x08007ad4       0x50 c:/bleedingedge/bin/../lib/gcc/arm-none-eabi/4.7.4/armv7-m\libgcc.a(_arm_fixdfsi.o)
                0x08007ad4                __aeabi_d2iz
                0x08007ad4                __fixdfsi
 .text          0x08007b24       0x2c c:/bleedingedge/bin/../lib/gcc/arm-none-eabi/4.7.4/armv7-m\libgcc.a(_aeabi_uldivmod.o)
                0x08007b24                __aeabi_uldivmod
 .text          0x08007b50       0x60 c:/bleedingedge/bin/../lib/gcc/arm-none-eabi/4.7.4/armv7-m\libgcc.a(bpabi.o)
                0x08007b50                __gnu_ldivmod_helper
                0x08007b80                __gnu_uldivmod_helper
 .text          0x08007bb0        0x4 c:/bleedingedge/bin/../lib/gcc/arm-none-eabi/4.7.4/armv7-m\libgcc.a(_dvmd_tls.o)
                0x08007bb0                __aeabi_idiv0
                0x08007bb0                __aeabi_ldiv0
 .text          0x08007bb4      0x2bc c:/bleedingedge/bin/../lib/gcc/arm-none-eabi/4.7.4/armv7-m\libgcc.a(_divdi3.o)
                0x08007bb4                __divdi3
 .text          0x08007e70      0x28c c:/bleedingedge/bin/../lib/gcc/arm-none-eabi/4.7.4/armv7-m\libgcc.a(_udivdi3.o)
                0x08007e70                __udivdi3
 *(.init)
 *(.fini)
 *crtbegin.o(.ctors)
 *crtbegin?.o(.ctors)
 *(EXCLUDE_FILE(*crtend.o *crtend?.o) .ctors)
 *(SORT(.ctors.*))
 *(.ctors)
 *crtbegin.o(.dtors)
 *crtbegin?.o(.dtors)
 *(EXCLUDE_FILE(*crtend.o *crtend?.o) .dtors)
 *(SORT(.dtors.*))
 *(.dtors)
 *(.rodata*)
 .rodata        0x080080fc        0xc ..\obj\main.o
 .rodata.zeroes.6756
                0x08008108       0x10 c:/bleedingedge/bin/../lib/gcc/arm-none-eabi/4.7.4/../../../../arm-none-eabi/lib/armv7-m\libg.a(lib_a-svfprintf.o)
 .rodata.str1.4
                0x08008118       0x42 c:/bleedingedge/bin/../lib/gcc/arm-none-eabi/4.7.4/../../../../arm-none-eabi/lib/armv7-m\libg.a(lib_a-svfprintf.o)
                                 0x44 (size before relaxing)
 *fill*         0x0800815a        0x2 
 .rodata.blanks.6755
                0x0800815c       0x10 c:/bleedingedge/bin/../lib/gcc/arm-none-eabi/4.7.4/../../../../arm-none-eabi/lib/armv7-m\libg.a(lib_a-svfprintf.o)
 .rodata.str1.4
                0x0800816c       0x10 c:/bleedingedge/bin/../lib/gcc/arm-none-eabi/4.7.4/../../../../arm-none-eabi/lib/armv7-m\libg.a(lib_a-dtoa.o)
                                 0x14 (size before relaxing)
 .rodata.str1.4
                0x0800817c        0x2 c:/bleedingedge/bin/../lib/gcc/arm-none-eabi/4.7.4/../../../../arm-none-eabi/lib/armv7-m\libg.a(lib_a-impure.o)
                                  0x4 (size before relaxing)
 *fill*         0x0800817e        0x2 
 .rodata.str1.4
                0x08008180        0xc c:/bleedingedge/bin/../lib/gcc/arm-none-eabi/4.7.4/../../../../arm-none-eabi/lib/armv7-m\libg.a(lib_a-locale.o)
                                 0x14 (size before relaxing)
 .rodata.p05.5297
                0x0800818c        0xc c:/bleedingedge/bin/../lib/gcc/arm-none-eabi/4.7.4/../../../../arm-none-eabi/lib/armv7-m\libg.a(lib_a-mprec.o)
 .rodata.__mprec_tens
                0x08008198       0xc8 c:/bleedingedge/bin/../lib/gcc/arm-none-eabi/4.7.4/../../../../arm-none-eabi/lib/armv7-m\libg.a(lib_a-mprec.o)
                0x08008198                __mprec_tens
 .rodata.__mprec_bigtens
                0x08008260       0x28 c:/bleedingedge/bin/../lib/gcc/arm-none-eabi/4.7.4/../../../../arm-none-eabi/lib/armv7-m\libg.a(lib_a-mprec.o)
                0x08008260                __mprec_bigtens
 *(.eh_fram e*)

.glue_7         0x08008288        0x0
 .glue_7        0x00000000        0x0 linker stubs

.glue_7t        0x08008288        0x0
 .glue_7t       0x00000000        0x0 linker stubs

.vfp11_veneer   0x08008288        0x0
 .vfp11_veneer  0x00000000        0x0 linker stubs

.v4_bx          0x08008288        0x0
 .v4_bx         0x00000000        0x0 linker stubs

.iplt           0x08008288        0x0
 .iplt          0x00000000        0x0 ..\obj\stm32f10x_tim.o

.ARM.extab
 *(.ARM.extab* .gnu.linkonce.armextab.*)
                0x08008288                __exidx_start = .

.ARM.exidx      0x08008288        0x8
 *(.ARM.exidx* .gnu.linkonce.armexidx.*)
 .ARM.exidx     0x08008288        0x8 c:/bleedingedge/bin/../lib/gcc/arm-none-eabi/4.7.4/armv7-m\libgcc.a(_divdi3.o)
 .ARM.exidx     0x08008290        0x0 c:/bleedingedge/bin/../lib/gcc/arm-none-eabi/4.7.4/armv7-m\libgcc.a(_udivdi3.o)
                                  0x8 (size before relaxing)
                0x08008290                __exidx_end = .
                0x08008290                __etext = .
                0x08008290                _sidata = __etext

.rel.dyn        0x08008290        0x0
 .rel.iplt      0x00000000        0x0 ..\obj\stm32f10x_tim.o

.data           0x20000000      0x554 load address 0x08008290
                0x20000000                __data_start__ = .
                0x20000000                _sdata = __data_start__
 *(vtable)
 *(.data*)
 .data          0x20000000        0x3 ..\obj\tcs3200.o
                0x20000000                Check
                0x20000001                Check1
                0x20000002                Check2
 *fill*         0x20000003        0x1 
 .data          0x20000004       0x14 ..\obj\stm32f10x_rcc.o
 .data.impure_data
                0x20000018       0xf0 c:/bleedingedge/bin/../lib/gcc/arm-none-eabi/4.7.4/../../../../arm-none-eabi/lib/armv7-m\libg.a(lib_a-impure.o)
 .data._impure_ptr
                0x20000108        0x4 c:/bleedingedge/bin/../lib/gcc/arm-none-eabi/4.7.4/../../../../arm-none-eabi/lib/armv7-m\libg.a(lib_a-impure.o)
                0x20000108                _impure_ptr
 .data.lconv    0x2000010c       0x38 c:/bleedingedge/bin/../lib/gcc/arm-none-eabi/4.7.4/../../../../arm-none-eabi/lib/armv7-m\libg.a(lib_a-locale.o)
 .data.__malloc_av_
                0x20000144      0x408 c:/bleedingedge/bin/../lib/gcc/arm-none-eabi/4.7.4/../../../../arm-none-eabi/lib/armv7-m\libg.a(lib_a-mallocr.o)
                0x20000144                __malloc_av_
 .data.__malloc_trim_threshold
                0x2000054c        0x4 c:/bleedingedge/bin/../lib/gcc/arm-none-eabi/4.7.4/../../../../arm-none-eabi/lib/armv7-m\libg.a(lib_a-mallocr.o)
                0x2000054c                __malloc_trim_threshold
 .data.__malloc_sbrk_base
                0x20000550        0x4 c:/bleedingedge/bin/../lib/gcc/arm-none-eabi/4.7.4/../../../../arm-none-eabi/lib/armv7-m\libg.a(lib_a-mallocr.o)
                0x20000550                __malloc_sbrk_base
                0x20000554                . = ALIGN (0x4)
                0x20000554                PROVIDE (__preinit_array_start, .)
 *(.preinit_array)
                0x20000554                PROVIDE (__preinit_array_end, .)
                0x20000554                . = ALIGN (0x4)
                0x20000554                PROVIDE (__init_array_start, .)
 *(SORT(.init_array.*))
 *(.init_array)
                0x20000554                PROVIDE (__init_array_end, .)
                0x20000554                . = ALIGN (0x4)
                0x20000554                PROVIDE (__fini_array_start, .)
 *(SORT(.fini_array.*))
 *(.fini_array)
                0x20000554                PROVIDE (__fini_array_end, .)
 *(.jcr*)
                0x20000554                . = ALIGN (0x4)
                0x20000554                __data_end__ = .
                0x20000554                _edata = __data_end__

.igot.plt       0x20000554        0x0 load address 0x080087e4
 .igot.plt      0x00000000        0x0 ..\obj\stm32f10x_tim.o

.bss            0x20000554       0x7c load address 0x080087e4
                0x20000554                . = ALIGN (0x4)
                0x20000554                __bss_start__ = .
                0x20000554                _sbss = __bss_start__
 *(.bss*)
 .bss           0x20000554        0x7 ..\obj\tcs3200.o
                0x20000554                Start
                0x20000555                FLAG_READY
                0x20000556                FLAG_READY1
                0x20000557                m_one
                0x20000558                Select_Filter
 *fill*         0x2000055b        0x1 
 .bss           0x2000055c        0x4 ..\obj\Delay.o
                0x2000055c                MillisCounter
 .bss           0x20000560        0x4 ..\obj\syscalls.o
 .bss.__malloc_max_total_mem
                0x20000564        0x4 c:/bleedingedge/bin/../lib/gcc/arm-none-eabi/4.7.4/../../../../arm-none-eabi/lib/armv7-m\libg.a(lib_a-mallocr.o)
                0x20000564                __malloc_max_total_mem
 .bss.__malloc_max_sbrked_mem
                0x20000568        0x4 c:/bleedingedge/bin/../lib/gcc/arm-none-eabi/4.7.4/../../../../arm-none-eabi/lib/armv7-m\libg.a(lib_a-mallocr.o)
                0x20000568                __malloc_max_sbrked_mem
 .bss.__malloc_top_pad
                0x2000056c        0x4 c:/bleedingedge/bin/../lib/gcc/arm-none-eabi/4.7.4/../../../../arm-none-eabi/lib/armv7-m\libg.a(lib_a-mallocr.o)
                0x2000056c                __malloc_top_pad
 .bss.__malloc_current_mallinfo
                0x20000570       0x28 c:/bleedingedge/bin/../lib/gcc/arm-none-eabi/4.7.4/../../../../arm-none-eabi/lib/armv7-m\libg.a(lib_a-mallocr.o)
                0x20000570                __malloc_current_mallinfo
 *(COMMON)
 COMMON         0x20000598       0x18 ..\obj\tcs3200.o
                0x20000598                measure_one
                0x2000059c                measure_red
                0x200005a0                measure_green
                0x200005a4                counter
                0x200005a8                measure_clear
                0x200005ac                measure_blue
 COMMON         0x200005b0        0x4 ..\obj\lcd_hd44780_lib.o
                0x200005b0                GPIO_InitStructure
 COMMON         0x200005b4       0x14 ..\obj\system.o
                0x200005b4                RCC_Clocks
 COMMON         0x200005c8        0x4 ..\obj\Delay.o
                0x200005c8                TimingDelay
 COMMON         0x200005cc        0x4 c:/bleedingedge/bin/../lib/gcc/arm-none-eabi/4.7.4/../../../../arm-none-eabi/lib/armv7-m\libg.a(lib_a-reent.o)
                0x200005cc                errno
                0x200005d0                . = ALIGN (0x4)
                0x200005d0                __bss_end__ = .
                0x200005d0                _ebss = __bss_end__

.heap           0x200005d0        0x0
                0x200005d0                __end__ = .
                0x200005d0                _end = __end__
                0x200005d0                end = __end__
 *(.heap*)
                0x200005d0                __HeapLimit = .

.co_stack       0x200005d0      0x400 load address 0x08008860
                0x200005d0                . = ALIGN (0x8)
 *(.co_stack .co_stack.*)
 .co_stack      0x200005d0      0x400 ..\obj\startup_stm32f10x_md_vl.o
                0x200005d0                pulStack
                0x20002000                __StackTop = (ORIGIN (ram) + 0x2000)
                0x20001c00                __StackLimit = (__StackTop - SIZEOF (.co_stack))
                0x20002000                PROVIDE (__stack, __StackTop)
                0x00000001                ASSERT ((__StackLimit >= __HeapLimit), region ram  overflowed with stack)
LOAD ..\obj\stm32f10x_tim.o
LOAD ..\obj\startup_stm32f10x_md_vl.o
LOAD ..\obj\system_stm32f10x.o
LOAD ..\obj\tcs3200.o
LOAD ..\obj\stm32f10x_gpio.o
LOAD ..\obj\main.o
LOAD ..\obj\lcd_hd44780_lib.o
LOAD ..\obj\system.o
LOAD ..\obj\Delay.o
LOAD ..\obj\stm32f10x_rcc.o
LOAD ..\obj\stm32f10x_exti.o
LOAD ..\obj\syscalls.o
LOAD ..\obj\stm32f10x_flash.o
LOAD ..\obj\stm32f10x_it.o
LOAD ..\obj\misc.o
START GROUP
LOAD c:/bleedingedge/bin/../lib/gcc/arm-none-eabi/4.7.4/armv7-m\libgcc.a
LOAD c:/bleedingedge/bin/../lib/gcc/arm-none-eabi/4.7.4/../../../../arm-none-eabi/lib/armv7-m\libg.a
LOAD c:/bleedingedge/bin/../lib/gcc/arm-none-eabi/4.7.4/../../../../arm-none-eabi/lib/armv7-m\libc.a
END GROUP
OUTPUT(Color_control.elf elf32-littlearm)

.debug_info     0x00000000    0x162eb
 .debug_info    0x00000000     0x1e77 ..\obj\stm32f10x_tim.o
 .debug_info    0x00001e77       0xff ..\obj\startup_stm32f10x_md_vl.o
 .debug_info    0x00001f76      0x44b ..\obj\system_stm32f10x.o
 .debug_info    0x000023c1      0xb83 ..\obj\tcs3200.o
 .debug_info    0x00002f44      0x739 ..\obj\stm32f10x_gpio.o
 .debug_info    0x0000367d      0x22a ..\obj\main.o
 .debug_info    0x000038a7      0x46d ..\obj\lcd_hd44780_lib.o
 .debug_info    0x00003d14      0x82f ..\obj\system.o
 .debug_info    0x00004543      0x496 ..\obj\Delay.o
 .debug_info    0x000049d9      0x99b ..\obj\stm32f10x_rcc.o
 .debug_info    0x00005374      0x36d ..\obj\stm32f10x_exti.o
 .debug_info    0x000056e1      0x443 ..\obj\syscalls.o
 .debug_info    0x00005b24      0x839 ..\obj\stm32f10x_flash.o
 .debug_info    0x0000635d      0x72e ..\obj\stm32f10x_it.o
 .debug_info    0x00006a8b      0x592 ..\obj\misc.o
 .debug_info    0x0000701d      0xa49 c:/bleedingedge/bin/../lib/gcc/arm-none-eabi/4.7.4/../../../../arm-none-eabi/lib/armv7-m\libg.a(lib_a-sprintf.o)
 .debug_info    0x00007a66     0x1cb8 c:/bleedingedge/bin/../lib/gcc/arm-none-eabi/4.7.4/../../../../arm-none-eabi/lib/armv7-m\libg.a(lib_a-svfprintf.o)
 .debug_info    0x0000971e     0x14a8 c:/bleedingedge/bin/../lib/gcc/arm-none-eabi/4.7.4/../../../../arm-none-eabi/lib/armv7-m\libg.a(lib_a-dtoa.o)
 .debug_info    0x0000abc6      0xc89 c:/bleedingedge/bin/../lib/gcc/arm-none-eabi/4.7.4/../../../../arm-none-eabi/lib/armv7-m\libg.a(lib_a-freer.o)
 .debug_info    0x0000b84f      0x980 c:/bleedingedge/bin/../lib/gcc/arm-none-eabi/4.7.4/../../../../arm-none-eabi/lib/armv7-m\libg.a(lib_a-impure.o)
 .debug_info    0x0000c1cf      0xc89 c:/bleedingedge/bin/../lib/gcc/arm-none-eabi/4.7.4/../../../../arm-none-eabi/lib/armv7-m\libg.a(lib_a-locale.o)
 .debug_info    0x0000ce58      0x96c c:/bleedingedge/bin/../lib/gcc/arm-none-eabi/4.7.4/../../../../arm-none-eabi/lib/armv7-m\libg.a(lib_a-malloc.o)
 .debug_info    0x0000d7c4      0xdf3 c:/bleedingedge/bin/../lib/gcc/arm-none-eabi/4.7.4/../../../../arm-none-eabi/lib/armv7-m\libg.a(lib_a-mallocr.o)
 .debug_info    0x0000e5b7      0x12e c:/bleedingedge/bin/../lib/gcc/arm-none-eabi/4.7.4/../../../../arm-none-eabi/lib/armv7-m\libg.a(lib_a-memchr-stub.o)
 .debug_info    0x0000e6e5       0xea c:/bleedingedge/bin/../lib/gcc/arm-none-eabi/4.7.4/../../../../arm-none-eabi/lib/armv7-m\libg.a(lib_a-memcpy.o)
 .debug_info    0x0000e7cf      0x8ff c:/bleedingedge/bin/../lib/gcc/arm-none-eabi/4.7.4/../../../../arm-none-eabi/lib/armv7-m\libg.a(lib_a-mlock.o)
 .debug_info    0x0000f0ce     0x180b c:/bleedingedge/bin/../lib/gcc/arm-none-eabi/4.7.4/../../../../arm-none-eabi/lib/armv7-m\libg.a(lib_a-mprec.o)
 .debug_info    0x000108d9       0xdf c:/bleedingedge/bin/../lib/gcc/arm-none-eabi/4.7.4/../../../../arm-none-eabi/lib/armv7-m\libg.a(lib_a-s_fpclassify.o)
 .debug_info    0x000109b8      0x1ad c:/bleedingedge/bin/../lib/gcc/arm-none-eabi/4.7.4/../../../../arm-none-eabi/lib/armv7-m\libg.a(lib_a-s_frexp.o)
 .debug_info    0x00010b65      0x946 c:/bleedingedge/bin/../lib/gcc/arm-none-eabi/4.7.4/../../../../arm-none-eabi/lib/armv7-m\libg.a(lib_a-sbrkr.o)
 .debug_info    0x000114ab       0xb9 c:/bleedingedge/bin/../lib/gcc/arm-none-eabi/4.7.4/../../../../arm-none-eabi/lib/armv7-m\libg.a(lib_a-strlen.o)
 .debug_info    0x00011564      0x129 c:/bleedingedge/bin/../lib/gcc/arm-none-eabi/4.7.4/../../../../arm-none-eabi/lib/armv7-m\libg.a(lib_a-strncpy.o)
 .debug_info    0x0001168d     0x14d3 c:/bleedingedge/bin/../lib/gcc/arm-none-eabi/4.7.4/../../../../arm-none-eabi/lib/armv7-m\libg.a(lib_a-svfiprintf.o)
 .debug_info    0x00012b60      0xa3c c:/bleedingedge/bin/../lib/gcc/arm-none-eabi/4.7.4/../../../../arm-none-eabi/lib/armv7-m\libg.a(lib_a-callocr.o)
 .debug_info    0x0001359c      0x136 c:/bleedingedge/bin/../lib/gcc/arm-none-eabi/4.7.4/../../../../arm-none-eabi/lib/armv7-m\libg.a(lib_a-memmove.o)
 .debug_info    0x000136d2      0x11c c:/bleedingedge/bin/../lib/gcc/arm-none-eabi/4.7.4/../../../../arm-none-eabi/lib/armv7-m\libg.a(lib_a-memset.o)
 .debug_info    0x000137ee      0xd23 c:/bleedingedge/bin/../lib/gcc/arm-none-eabi/4.7.4/../../../../arm-none-eabi/lib/armv7-m\libg.a(lib_a-reallocr.o)
 .debug_info    0x00014511      0xabb c:/bleedingedge/bin/../lib/gcc/arm-none-eabi/4.7.4/../../../../arm-none-eabi/lib/armv7-m\libg.a(lib_a-reent.o)
 .debug_info    0x00014fcc       0xd0 c:/bleedingedge/bin/../lib/gcc/arm-none-eabi/4.7.4/armv7-m\libgcc.a(_arm_addsubdf3.o)
 .debug_info    0x0001509c       0xd0 c:/bleedingedge/bin/../lib/gcc/arm-none-eabi/4.7.4/armv7-m\libgcc.a(_arm_muldivdf3.o)
 .debug_info    0x0001516c       0xd0 c:/bleedingedge/bin/../lib/gcc/arm-none-eabi/4.7.4/armv7-m\libgcc.a(_arm_cmpdf2.o)
 .debug_info    0x0001523c       0xd0 c:/bleedingedge/bin/../lib/gcc/arm-none-eabi/4.7.4/armv7-m\libgcc.a(_arm_fixdfsi.o)
 .debug_info    0x0001530c       0xcb c:/bleedingedge/bin/../lib/gcc/arm-none-eabi/4.7.4/armv7-m\libgcc.a(_aeabi_uldivmod.o)
 .debug_info    0x000153d7      0x170 c:/bleedingedge/bin/../lib/gcc/arm-none-eabi/4.7.4/armv7-m\libgcc.a(bpabi.o)
 .debug_info    0x00015547       0xcf c:/bleedingedge/bin/../lib/gcc/arm-none-eabi/4.7.4/armv7-m\libgcc.a(_dvmd_tls.o)
 .debug_info    0x00015616      0x689 c:/bleedingedge/bin/../lib/gcc/arm-none-eabi/4.7.4/armv7-m\libgcc.a(_divdi3.o)
 .debug_info    0x00015c9f      0x64c c:/bleedingedge/bin/../lib/gcc/arm-none-eabi/4.7.4/armv7-m\libgcc.a(_udivdi3.o)

.debug_abbrev   0x00000000     0x3dc2
 .debug_abbrev  0x00000000      0x1b2 ..\obj\stm32f10x_tim.o
 .debug_abbrev  0x000001b2       0xa9 ..\obj\startup_stm32f10x_md_vl.o
 .debug_abbrev  0x0000025b      0x14e ..\obj\system_stm32f10x.o
 .debug_abbrev  0x000003a9      0x1fe ..\obj\tcs3200.o
 .debug_abbrev  0x000005a7      0x1ca ..\obj\stm32f10x_gpio.o
 .debug_abbrev  0x00000771       0xfb ..\obj\main.o
 .debug_abbrev  0x0000086c      0x164 ..\obj\lcd_hd44780_lib.o
 .debug_abbrev  0x000009d0      0x1ce ..\obj\system.o
 .debug_abbrev  0x00000b9e      0x184 ..\obj\Delay.o
 .debug_abbrev  0x00000d22      0x1bc ..\obj\stm32f10x_rcc.o
 .debug_abbrev  0x00000ede      0x153 ..\obj\stm32f10x_exti.o
 .debug_abbrev  0x00001031       0xe4 ..\obj\syscalls.o
 .debug_abbrev  0x00001115      0x18d ..\obj\stm32f10x_flash.o
 .debug_abbrev  0x000012a2      0x106 ..\obj\stm32f10x_it.o
 .debug_abbrev  0x000013a8      0x129 ..\obj\misc.o
 .debug_abbrev  0x000014d1      0x1d5 c:/bleedingedge/bin/../lib/gcc/arm-none-eabi/4.7.4/../../../../arm-none-eabi/lib/armv7-m\libg.a(lib_a-sprintf.o)
 .debug_abbrev  0x000016a6      0x33d c:/bleedingedge/bin/../lib/gcc/arm-none-eabi/4.7.4/../../../../arm-none-eabi/lib/armv7-m\libg.a(lib_a-svfprintf.o)
 .debug_abbrev  0x000019e3      0x2a0 c:/bleedingedge/bin/../lib/gcc/arm-none-eabi/4.7.4/../../../../arm-none-eabi/lib/armv7-m\libg.a(lib_a-dtoa.o)
 .debug_abbrev  0x00001c83      0x229 c:/bleedingedge/bin/../lib/gcc/arm-none-eabi/4.7.4/../../../../arm-none-eabi/lib/armv7-m\libg.a(lib_a-freer.o)
 .debug_abbrev  0x00001eac      0x14a c:/bleedingedge/bin/../lib/gcc/arm-none-eabi/4.7.4/../../../../arm-none-eabi/lib/armv7-m\libg.a(lib_a-impure.o)
 .debug_abbrev  0x00001ff6      0x260 c:/bleedingedge/bin/../lib/gcc/arm-none-eabi/4.7.4/../../../../arm-none-eabi/lib/armv7-m\libg.a(lib_a-locale.o)
 .debug_abbrev  0x00002256      0x1b5 c:/bleedingedge/bin/../lib/gcc/arm-none-eabi/4.7.4/../../../../arm-none-eabi/lib/armv7-m\libg.a(lib_a-malloc.o)
 .debug_abbrev  0x0000240b      0x250 c:/bleedingedge/bin/../lib/gcc/arm-none-eabi/4.7.4/../../../../arm-none-eabi/lib/armv7-m\libg.a(lib_a-mallocr.o)
 .debug_abbrev  0x0000265b       0xba c:/bleedingedge/bin/../lib/gcc/arm-none-eabi/4.7.4/../../../../arm-none-eabi/lib/armv7-m\libg.a(lib_a-memchr-stub.o)
 .debug_abbrev  0x00002715       0x14 c:/bleedingedge/bin/../lib/gcc/arm-none-eabi/4.7.4/../../../../arm-none-eabi/lib/armv7-m\libg.a(lib_a-memcpy.o)
 .debug_abbrev  0x00002729      0x155 c:/bleedingedge/bin/../lib/gcc/arm-none-eabi/4.7.4/../../../../arm-none-eabi/lib/armv7-m\libg.a(lib_a-mlock.o)
 .debug_abbrev  0x0000287e      0x328 c:/bleedingedge/bin/../lib/gcc/arm-none-eabi/4.7.4/../../../../arm-none-eabi/lib/armv7-m\libg.a(lib_a-mprec.o)
 .debug_abbrev  0x00002ba6       0x6f c:/bleedingedge/bin/../lib/gcc/arm-none-eabi/4.7.4/../../../../arm-none-eabi/lib/armv7-m\libg.a(lib_a-s_fpclassify.o)
 .debug_abbrev  0x00002c15      0x110 c:/bleedingedge/bin/../lib/gcc/arm-none-eabi/4.7.4/../../../../arm-none-eabi/lib/armv7-m\libg.a(lib_a-s_frexp.o)
 .debug_abbrev  0x00002d25      0x1b8 c:/bleedingedge/bin/../lib/gcc/arm-none-eabi/4.7.4/../../../../arm-none-eabi/lib/armv7-m\libg.a(lib_a-sbrkr.o)
 .debug_abbrev  0x00002edd       0x70 c:/bleedingedge/bin/../lib/gcc/arm-none-eabi/4.7.4/../../../../arm-none-eabi/lib/armv7-m\libg.a(lib_a-strlen.o)
 .debug_abbrev  0x00002f4d       0xac c:/bleedingedge/bin/../lib/gcc/arm-none-eabi/4.7.4/../../../../arm-none-eabi/lib/armv7-m\libg.a(lib_a-strncpy.o)
 .debug_abbrev  0x00002ff9      0x2cb c:/bleedingedge/bin/../lib/gcc/arm-none-eabi/4.7.4/../../../../arm-none-eabi/lib/armv7-m\libg.a(lib_a-svfiprintf.o)
 .debug_abbrev  0x000032c4      0x1c1 c:/bleedingedge/bin/../lib/gcc/arm-none-eabi/4.7.4/../../../../arm-none-eabi/lib/armv7-m\libg.a(lib_a-callocr.o)
 .debug_abbrev  0x00003485       0xab c:/bleedingedge/bin/../lib/gcc/arm-none-eabi/4.7.4/../../../../arm-none-eabi/lib/armv7-m\libg.a(lib_a-memmove.o)
 .debug_abbrev  0x00003530       0x9f c:/bleedingedge/bin/../lib/gcc/arm-none-eabi/4.7.4/../../../../arm-none-eabi/lib/armv7-m\libg.a(lib_a-memset.o)
 .debug_abbrev  0x000035cf      0x20e c:/bleedingedge/bin/../lib/gcc/arm-none-eabi/4.7.4/../../../../arm-none-eabi/lib/armv7-m\libg.a(lib_a-reallocr.o)
 .debug_abbrev  0x000037dd      0x20a c:/bleedingedge/bin/../lib/gcc/arm-none-eabi/4.7.4/../../../../arm-none-eabi/lib/armv7-m\libg.a(lib_a-reent.o)
 .debug_abbrev  0x000039e7       0x14 c:/bleedingedge/bin/../lib/gcc/arm-none-eabi/4.7.4/armv7-m\libgcc.a(_arm_addsubdf3.o)
 .debug_abbrev  0x000039fb       0x14 c:/bleedingedge/bin/../lib/gcc/arm-none-eabi/4.7.4/armv7-m\libgcc.a(_arm_muldivdf3.o)
 .debug_abbrev  0x00003a0f       0x14 c:/bleedingedge/bin/../lib/gcc/arm-none-eabi/4.7.4/armv7-m\libgcc.a(_arm_cmpdf2.o)
 .debug_abbrev  0x00003a23       0x14 c:/bleedingedge/bin/../lib/gcc/arm-none-eabi/4.7.4/armv7-m\libgcc.a(_arm_fixdfsi.o)
 .debug_abbrev  0x00003a37       0x14 c:/bleedingedge/bin/../lib/gcc/arm-none-eabi/4.7.4/armv7-m\libgcc.a(_aeabi_uldivmod.o)
 .debug_abbrev  0x00003a4b       0xb5 c:/bleedingedge/bin/../lib/gcc/arm-none-eabi/4.7.4/armv7-m\libgcc.a(bpabi.o)
 .debug_abbrev  0x00003b00       0x14 c:/bleedingedge/bin/../lib/gcc/arm-none-eabi/4.7.4/armv7-m\libgcc.a(_dvmd_tls.o)
 .debug_abbrev  0x00003b14      0x15a c:/bleedingedge/bin/../lib/gcc/arm-none-eabi/4.7.4/armv7-m\libgcc.a(_divdi3.o)
 .debug_abbrev  0x00003c6e      0x154 c:/bleedingedge/bin/../lib/gcc/arm-none-eabi/4.7.4/armv7-m\libgcc.a(_udivdi3.o)

.debug_loc      0x00000000    0x11aa7
 .debug_loc     0x00000000     0x13e8 ..\obj\stm32f10x_tim.o
 .debug_loc     0x000013e8       0x64 ..\obj\startup_stm32f10x_md_vl.o
 .debug_loc     0x0000144c       0xc8 ..\obj\system_stm32f10x.o
 .debug_loc     0x00001514      0x474 ..\obj\tcs3200.o
 .debug_loc     0x00001988      0x3e4 ..\obj\stm32f10x_gpio.o
 .debug_loc     0x00001d6c       0x3a ..\obj\main.o
 .debug_loc     0x00001da6      0x2c0 ..\obj\lcd_hd44780_lib.o
 .debug_loc     0x00002066      0x164 ..\obj\system.o
 .debug_loc     0x000021ca      0x12c ..\obj\Delay.o
 .debug_loc     0x000022f6      0x714 ..\obj\stm32f10x_rcc.o
 .debug_loc     0x00002a0a      0x1b4 ..\obj\stm32f10x_exti.o
 .debug_loc     0x00002bbe      0x1ec ..\obj\syscalls.o
 .debug_loc     0x00002daa      0x5d8 ..\obj\stm32f10x_flash.o
 .debug_loc     0x00003382      0x7bc ..\obj\stm32f10x_it.o
 .debug_loc     0x00003b3e      0x118 ..\obj\misc.o
 .debug_loc     0x00003c56       0xcf c:/bleedingedge/bin/../lib/gcc/arm-none-eabi/4.7.4/../../../../arm-none-eabi/lib/armv7-m\libg.a(lib_a-sprintf.o)
 .debug_loc     0x00003d25     0x31a9 c:/bleedingedge/bin/../lib/gcc/arm-none-eabi/4.7.4/../../../../arm-none-eabi/lib/armv7-m\libg.a(lib_a-svfprintf.o)
 .debug_loc     0x00006ece     0x27e9 c:/bleedingedge/bin/../lib/gcc/arm-none-eabi/4.7.4/../../../../arm-none-eabi/lib/armv7-m\libg.a(lib_a-dtoa.o)
 .debug_loc     0x000096b7      0x58b c:/bleedingedge/bin/../lib/gcc/arm-none-eabi/4.7.4/../../../../arm-none-eabi/lib/armv7-m\libg.a(lib_a-freer.o)
 .debug_loc     0x00009c42      0x10b c:/bleedingedge/bin/../lib/gcc/arm-none-eabi/4.7.4/../../../../arm-none-eabi/lib/armv7-m\libg.a(lib_a-locale.o)
 .debug_loc     0x00009d4d       0x58 c:/bleedingedge/bin/../lib/gcc/arm-none-eabi/4.7.4/../../../../arm-none-eabi/lib/armv7-m\libg.a(lib_a-malloc.o)
 .debug_loc     0x00009da5      0xdb3 c:/bleedingedge/bin/../lib/gcc/arm-none-eabi/4.7.4/../../../../arm-none-eabi/lib/armv7-m\libg.a(lib_a-mallocr.o)
 .debug_loc     0x0000ab58      0x223 c:/bleedingedge/bin/../lib/gcc/arm-none-eabi/4.7.4/../../../../arm-none-eabi/lib/armv7-m\libg.a(lib_a-memchr-stub.o)
 .debug_loc     0x0000ad7b     0x1a06 c:/bleedingedge/bin/../lib/gcc/arm-none-eabi/4.7.4/../../../../arm-none-eabi/lib/armv7-m\libg.a(lib_a-mprec.o)
 .debug_loc     0x0000c781      0x126 c:/bleedingedge/bin/../lib/gcc/arm-none-eabi/4.7.4/../../../../arm-none-eabi/lib/armv7-m\libg.a(lib_a-s_fpclassify.o)
 .debug_loc     0x0000c8a7      0x109 c:/bleedingedge/bin/../lib/gcc/arm-none-eabi/4.7.4/../../../../arm-none-eabi/lib/armv7-m\libg.a(lib_a-s_frexp.o)
 .debug_loc     0x0000c9b0       0x5f c:/bleedingedge/bin/../lib/gcc/arm-none-eabi/4.7.4/../../../../arm-none-eabi/lib/armv7-m\libg.a(lib_a-sbrkr.o)
 .debug_loc     0x0000ca0f       0x21 c:/bleedingedge/bin/../lib/gcc/arm-none-eabi/4.7.4/../../../../arm-none-eabi/lib/armv7-m\libg.a(lib_a-strlen.o)
 .debug_loc     0x0000ca30      0x17d c:/bleedingedge/bin/../lib/gcc/arm-none-eabi/4.7.4/../../../../arm-none-eabi/lib/armv7-m\libg.a(lib_a-strncpy.o)
 .debug_loc     0x0000cbad     0x183a c:/bleedingedge/bin/../lib/gcc/arm-none-eabi/4.7.4/../../../../arm-none-eabi/lib/armv7-m\libg.a(lib_a-svfiprintf.o)
 .debug_loc     0x0000e3e7      0x24c c:/bleedingedge/bin/../lib/gcc/arm-none-eabi/4.7.4/../../../../arm-none-eabi/lib/armv7-m\libg.a(lib_a-callocr.o)
 .debug_loc     0x0000e633      0x22d c:/bleedingedge/bin/../lib/gcc/arm-none-eabi/4.7.4/../../../../arm-none-eabi/lib/armv7-m\libg.a(lib_a-memmove.o)
 .debug_loc     0x0000e860      0x217 c:/bleedingedge/bin/../lib/gcc/arm-none-eabi/4.7.4/../../../../arm-none-eabi/lib/armv7-m\libg.a(lib_a-memset.o)
 .debug_loc     0x0000ea77     0x11fb c:/bleedingedge/bin/../lib/gcc/arm-none-eabi/4.7.4/../../../../arm-none-eabi/lib/armv7-m\libg.a(lib_a-reallocr.o)
 .debug_loc     0x0000fc72       0xde c:/bleedingedge/bin/../lib/gcc/arm-none-eabi/4.7.4/../../../../arm-none-eabi/lib/armv7-m\libg.a(lib_a-reent.o)
 .debug_loc     0x0000fd50       0xe0 c:/bleedingedge/bin/../lib/gcc/arm-none-eabi/4.7.4/armv7-m\libgcc.a(bpabi.o)
 .debug_loc     0x0000fe30      0xdf1 c:/bleedingedge/bin/../lib/gcc/arm-none-eabi/4.7.4/armv7-m\libgcc.a(_divdi3.o)
 .debug_loc     0x00010c21      0xe86 c:/bleedingedge/bin/../lib/gcc/arm-none-eabi/4.7.4/armv7-m\libgcc.a(_udivdi3.o)

.debug_aranges  0x00000000      0xf98
 .debug_aranges
                0x00000000      0x2f0 ..\obj\stm32f10x_tim.o
 .debug_aranges
                0x000002f0       0x28 ..\obj\startup_stm32f10x_md_vl.o
 .debug_aranges
                0x00000318       0x38 ..\obj\system_stm32f10x.o
 .debug_aranges
                0x00000350       0xd8 ..\obj\tcs3200.o
 .debug_aranges
                0x00000428       0xa8 ..\obj\stm32f10x_gpio.o
 .debug_aranges
                0x000004d0       0x20 ..\obj\main.o
 .debug_aranges
                0x000004f0       0x80 ..\obj\lcd_hd44780_lib.o
 .debug_aranges
                0x00000570       0x50 ..\obj\system.o
 .debug_aranges
                0x000005c0       0x48 ..\obj\Delay.o
 .debug_aranges
                0x00000608      0x120 ..\obj\stm32f10x_rcc.o
 .debug_aranges
                0x00000728       0x58 ..\obj\stm32f10x_exti.o
 .debug_aranges
                0x00000780       0x60 ..\obj\syscalls.o
 .debug_aranges
                0x000007e0       0xf8 ..\obj\stm32f10x_flash.o
 .debug_aranges
                0x000008d8      0x180 ..\obj\stm32f10x_it.o
 .debug_aranges
                0x00000a58       0x40 ..\obj\misc.o
 .debug_aranges
                0x00000a98       0x28 c:/bleedingedge/bin/../lib/gcc/arm-none-eabi/4.7.4/../../../../arm-none-eabi/lib/armv7-m\libg.a(lib_a-sprintf.o)
 .debug_aranges
                0x00000ac0       0x20 c:/bleedingedge/bin/../lib/gcc/arm-none-eabi/4.7.4/../../../../arm-none-eabi/lib/armv7-m\libg.a(lib_a-svfprintf.o)
 .debug_aranges
                0x00000ae0       0x28 c:/bleedingedge/bin/../lib/gcc/arm-none-eabi/4.7.4/../../../../arm-none-eabi/lib/armv7-m\libg.a(lib_a-dtoa.o)
 .debug_aranges
                0x00000b08       0x28 c:/bleedingedge/bin/../lib/gcc/arm-none-eabi/4.7.4/../../../../arm-none-eabi/lib/armv7-m\libg.a(lib_a-freer.o)
 .debug_aranges
                0x00000b30       0x18 c:/bleedingedge/bin/../lib/gcc/arm-none-eabi/4.7.4/../../../../arm-none-eabi/lib/armv7-m\libg.a(lib_a-impure.o)
 .debug_aranges
                0x00000b48       0x58 c:/bleedingedge/bin/../lib/gcc/arm-none-eabi/4.7.4/../../../../arm-none-eabi/lib/armv7-m\libg.a(lib_a-locale.o)
 .debug_aranges
                0x00000ba0       0x28 c:/bleedingedge/bin/../lib/gcc/arm-none-eabi/4.7.4/../../../../arm-none-eabi/lib/armv7-m\libg.a(lib_a-malloc.o)
 .debug_aranges
                0x00000bc8       0x20 c:/bleedingedge/bin/../lib/gcc/arm-none-eabi/4.7.4/../../../../arm-none-eabi/lib/armv7-m\libg.a(lib_a-mallocr.o)
 .debug_aranges
                0x00000be8       0x20 c:/bleedingedge/bin/../lib/gcc/arm-none-eabi/4.7.4/../../../../arm-none-eabi/lib/armv7-m\libg.a(lib_a-memchr-stub.o)
 .debug_aranges
                0x00000c08       0x20 c:/bleedingedge/bin/../lib/gcc/arm-none-eabi/4.7.4/../../../../arm-none-eabi/lib/armv7-m\libg.a(lib_a-memcpy.o)
 .debug_aranges
                0x00000c28       0x28 c:/bleedingedge/bin/../lib/gcc/arm-none-eabi/4.7.4/../../../../arm-none-eabi/lib/armv7-m\libg.a(lib_a-mlock.o)
 .debug_aranges
                0x00000c50       0xb0 c:/bleedingedge/bin/../lib/gcc/arm-none-eabi/4.7.4/../../../../arm-none-eabi/lib/armv7-m\libg.a(lib_a-mprec.o)
 .debug_aranges
                0x00000d00       0x20 c:/bleedingedge/bin/../lib/gcc/arm-none-eabi/4.7.4/../../../../arm-none-eabi/lib/armv7-m\libg.a(lib_a-s_fpclassify.o)
 .debug_aranges
                0x00000d20       0x20 c:/bleedingedge/bin/../lib/gcc/arm-none-eabi/4.7.4/../../../../arm-none-eabi/lib/armv7-m\libg.a(lib_a-s_frexp.o)
 .debug_aranges
                0x00000d40       0x20 c:/bleedingedge/bin/../lib/gcc/arm-none-eabi/4.7.4/../../../../arm-none-eabi/lib/armv7-m\libg.a(lib_a-sbrkr.o)
 .debug_aranges
                0x00000d60       0x20 c:/bleedingedge/bin/../lib/gcc/arm-none-eabi/4.7.4/../../../../arm-none-eabi/lib/armv7-m\libg.a(lib_a-strlen.o)
 .debug_aranges
                0x00000d80       0x20 c:/bleedingedge/bin/../lib/gcc/arm-none-eabi/4.7.4/../../../../arm-none-eabi/lib/armv7-m\libg.a(lib_a-strncpy.o)
 .debug_aranges
                0x00000da0       0x30 c:/bleedingedge/bin/../lib/gcc/arm-none-eabi/4.7.4/../../../../arm-none-eabi/lib/armv7-m\libg.a(lib_a-svfiprintf.o)
 .debug_aranges
                0x00000dd0       0x20 c:/bleedingedge/bin/../lib/gcc/arm-none-eabi/4.7.4/../../../../arm-none-eabi/lib/armv7-m\libg.a(lib_a-callocr.o)
 .debug_aranges
                0x00000df0       0x20 c:/bleedingedge/bin/../lib/gcc/arm-none-eabi/4.7.4/../../../../arm-none-eabi/lib/armv7-m\libg.a(lib_a-memmove.o)
 .debug_aranges
                0x00000e10       0x20 c:/bleedingedge/bin/../lib/gcc/arm-none-eabi/4.7.4/../../../../arm-none-eabi/lib/armv7-m\libg.a(lib_a-memset.o)
 .debug_aranges
                0x00000e30       0x20 c:/bleedingedge/bin/../lib/gcc/arm-none-eabi/4.7.4/../../../../arm-none-eabi/lib/armv7-m\libg.a(lib_a-reallocr.o)
 .debug_aranges
                0x00000e50       0x28 c:/bleedingedge/bin/../lib/gcc/arm-none-eabi/4.7.4/../../../../arm-none-eabi/lib/armv7-m\libg.a(lib_a-reent.o)
 .debug_aranges
                0x00000e78       0x20 c:/bleedingedge/bin/../lib/gcc/arm-none-eabi/4.7.4/armv7-m\libgcc.a(_arm_addsubdf3.o)
 .debug_aranges
                0x00000e98       0x20 c:/bleedingedge/bin/../lib/gcc/arm-none-eabi/4.7.4/armv7-m\libgcc.a(_arm_muldivdf3.o)
 .debug_aranges
                0x00000eb8       0x20 c:/bleedingedge/bin/../lib/gcc/arm-none-eabi/4.7.4/armv7-m\libgcc.a(_arm_cmpdf2.o)
 .debug_aranges
                0x00000ed8       0x20 c:/bleedingedge/bin/../lib/gcc/arm-none-eabi/4.7.4/armv7-m\libgcc.a(_arm_fixdfsi.o)
 .debug_aranges
                0x00000ef8       0x20 c:/bleedingedge/bin/../lib/gcc/arm-none-eabi/4.7.4/armv7-m\libgcc.a(_aeabi_uldivmod.o)
 .debug_aranges
                0x00000f18       0x20 c:/bleedingedge/bin/../lib/gcc/arm-none-eabi/4.7.4/armv7-m\libgcc.a(bpabi.o)
 .debug_aranges
                0x00000f38       0x20 c:/bleedingedge/bin/../lib/gcc/arm-none-eabi/4.7.4/armv7-m\libgcc.a(_dvmd_tls.o)
 .debug_aranges
                0x00000f58       0x20 c:/bleedingedge/bin/../lib/gcc/arm-none-eabi/4.7.4/armv7-m\libgcc.a(_divdi3.o)
 .debug_aranges
                0x00000f78       0x20 c:/bleedingedge/bin/../lib/gcc/arm-none-eabi/4.7.4/armv7-m\libgcc.a(_udivdi3.o)

.debug_ranges   0x00000000     0x13a8
 .debug_ranges  0x00000000      0x2e0 ..\obj\stm32f10x_tim.o
 .debug_ranges  0x000002e0       0x18 ..\obj\startup_stm32f10x_md_vl.o
 .debug_ranges  0x000002f8       0x28 ..\obj\system_stm32f10x.o
 .debug_ranges  0x00000320       0xc8 ..\obj\tcs3200.o
 .debug_ranges  0x000003e8       0x98 ..\obj\stm32f10x_gpio.o
 .debug_ranges  0x00000480       0x10 ..\obj\main.o
 .debug_ranges  0x00000490       0x70 ..\obj\lcd_hd44780_lib.o
 .debug_ranges  0x00000500       0x40 ..\obj\system.o
 .debug_ranges  0x00000540       0x38 ..\obj\Delay.o
 .debug_ranges  0x00000578      0x110 ..\obj\stm32f10x_rcc.o
 .debug_ranges  0x00000688       0x48 ..\obj\stm32f10x_exti.o
 .debug_ranges  0x000006d0       0x50 ..\obj\syscalls.o
 .debug_ranges  0x00000720       0xe8 ..\obj\stm32f10x_flash.o
 .debug_ranges  0x00000808      0x170 ..\obj\stm32f10x_it.o
 .debug_ranges  0x00000978       0x30 ..\obj\misc.o
 .debug_ranges  0x000009a8       0x18 c:/bleedingedge/bin/../lib/gcc/arm-none-eabi/4.7.4/../../../../arm-none-eabi/lib/armv7-m\libg.a(lib_a-sprintf.o)
 .debug_ranges  0x000009c0      0x220 c:/bleedingedge/bin/../lib/gcc/arm-none-eabi/4.7.4/../../../../arm-none-eabi/lib/armv7-m\libg.a(lib_a-svfprintf.o)
 .debug_ranges  0x00000be0       0x38 c:/bleedingedge/bin/../lib/gcc/arm-none-eabi/4.7.4/../../../../arm-none-eabi/lib/armv7-m\libg.a(lib_a-dtoa.o)
 .debug_ranges  0x00000c18       0x18 c:/bleedingedge/bin/../lib/gcc/arm-none-eabi/4.7.4/../../../../arm-none-eabi/lib/armv7-m\libg.a(lib_a-freer.o)
 .debug_ranges  0x00000c30       0x48 c:/bleedingedge/bin/../lib/gcc/arm-none-eabi/4.7.4/../../../../arm-none-eabi/lib/armv7-m\libg.a(lib_a-locale.o)
 .debug_ranges  0x00000c78       0x18 c:/bleedingedge/bin/../lib/gcc/arm-none-eabi/4.7.4/../../../../arm-none-eabi/lib/armv7-m\libg.a(lib_a-malloc.o)
 .debug_ranges  0x00000c90       0x90 c:/bleedingedge/bin/../lib/gcc/arm-none-eabi/4.7.4/../../../../arm-none-eabi/lib/armv7-m\libg.a(lib_a-mallocr.o)
 .debug_ranges  0x00000d20       0x10 c:/bleedingedge/bin/../lib/gcc/arm-none-eabi/4.7.4/../../../../arm-none-eabi/lib/armv7-m\libg.a(lib_a-memchr-stub.o)
 .debug_ranges  0x00000d30       0x18 c:/bleedingedge/bin/../lib/gcc/arm-none-eabi/4.7.4/../../../../arm-none-eabi/lib/armv7-m\libg.a(lib_a-mlock.o)
 .debug_ranges  0x00000d48      0x140 c:/bleedingedge/bin/../lib/gcc/arm-none-eabi/4.7.4/../../../../arm-none-eabi/lib/armv7-m\libg.a(lib_a-mprec.o)
 .debug_ranges  0x00000e88       0x10 c:/bleedingedge/bin/../lib/gcc/arm-none-eabi/4.7.4/../../../../arm-none-eabi/lib/armv7-m\libg.a(lib_a-s_fpclassify.o)
 .debug_ranges  0x00000e98       0x30 c:/bleedingedge/bin/../lib/gcc/arm-none-eabi/4.7.4/../../../../arm-none-eabi/lib/armv7-m\libg.a(lib_a-s_frexp.o)
 .debug_ranges  0x00000ec8       0x10 c:/bleedingedge/bin/../lib/gcc/arm-none-eabi/4.7.4/../../../../arm-none-eabi/lib/armv7-m\libg.a(lib_a-sbrkr.o)
 .debug_ranges  0x00000ed8       0x10 c:/bleedingedge/bin/../lib/gcc/arm-none-eabi/4.7.4/../../../../arm-none-eabi/lib/armv7-m\libg.a(lib_a-strlen.o)
 .debug_ranges  0x00000ee8       0x10 c:/bleedingedge/bin/../lib/gcc/arm-none-eabi/4.7.4/../../../../arm-none-eabi/lib/armv7-m\libg.a(lib_a-strncpy.o)
 .debug_ranges  0x00000ef8       0x90 c:/bleedingedge/bin/../lib/gcc/arm-none-eabi/4.7.4/../../../../arm-none-eabi/lib/armv7-m\libg.a(lib_a-svfiprintf.o)
 .debug_ranges  0x00000f88       0x50 c:/bleedingedge/bin/../lib/gcc/arm-none-eabi/4.7.4/../../../../arm-none-eabi/lib/armv7-m\libg.a(lib_a-callocr.o)
 .debug_ranges  0x00000fd8       0x10 c:/bleedingedge/bin/../lib/gcc/arm-none-eabi/4.7.4/../../../../arm-none-eabi/lib/armv7-m\libg.a(lib_a-memmove.o)
 .debug_ranges  0x00000fe8       0x10 c:/bleedingedge/bin/../lib/gcc/arm-none-eabi/4.7.4/../../../../arm-none-eabi/lib/armv7-m\libg.a(lib_a-memset.o)
 .debug_ranges  0x00000ff8      0x168 c:/bleedingedge/bin/../lib/gcc/arm-none-eabi/4.7.4/../../../../arm-none-eabi/lib/armv7-m\libg.a(lib_a-reallocr.o)
 .debug_ranges  0x00001160       0x18 c:/bleedingedge/bin/../lib/gcc/arm-none-eabi/4.7.4/../../../../arm-none-eabi/lib/armv7-m\libg.a(lib_a-reent.o)
 .debug_ranges  0x00001178      0x120 c:/bleedingedge/bin/../lib/gcc/arm-none-eabi/4.7.4/armv7-m\libgcc.a(_divdi3.o)
 .debug_ranges  0x00001298      0x110 c:/bleedingedge/bin/../lib/gcc/arm-none-eabi/4.7.4/armv7-m\libgcc.a(_udivdi3.o)

.debug_line     0x00000000     0x7f5f
 .debug_line    0x00000000      0xa35 ..\obj\stm32f10x_tim.o
 .debug_line    0x00000a35       0xa8 ..\obj\startup_stm32f10x_md_vl.o
 .debug_line    0x00000add      0x1b2 ..\obj\system_stm32f10x.o
 .debug_line    0x00000c8f      0x44c ..\obj\tcs3200.o
 .debug_line    0x000010db      0x34f ..\obj\stm32f10x_gpio.o
 .debug_line    0x0000142a      0x167 ..\obj\main.o
 .debug_line    0x00001591      0x30f ..\obj\lcd_hd44780_lib.o
 .debug_line    0x000018a0      0x243 ..\obj\system.o
 .debug_line    0x00001ae3      0x218 ..\obj\Delay.o
 .debug_line    0x00001cfb      0x46d ..\obj\stm32f10x_rcc.o
 .debug_line    0x00002168      0x244 ..\obj\stm32f10x_exti.o
 .debug_line    0x000023ac      0x17e ..\obj\syscalls.o
 .debug_line    0x0000252a      0x479 ..\obj\stm32f10x_flash.o
 .debug_line    0x000029a3      0x44d ..\obj\stm32f10x_it.o
 .debug_line    0x00002df0      0x1e4 ..\obj\misc.o
 .debug_line    0x00002fd4      0x20a c:/bleedingedge/bin/../lib/gcc/arm-none-eabi/4.7.4/../../../../arm-none-eabi/lib/armv7-m\libg.a(lib_a-sprintf.o)
 .debug_line    0x000031de      0xa87 c:/bleedingedge/bin/../lib/gcc/arm-none-eabi/4.7.4/../../../../arm-none-eabi/lib/armv7-m\libg.a(lib_a-svfprintf.o)
 .debug_line    0x00003c65      0x8f5 c:/bleedingedge/bin/../lib/gcc/arm-none-eabi/4.7.4/../../../../arm-none-eabi/lib/armv7-m\libg.a(lib_a-dtoa.o)
 .debug_line    0x0000455a      0x297 c:/bleedingedge/bin/../lib/gcc/arm-none-eabi/4.7.4/../../../../arm-none-eabi/lib/armv7-m\libg.a(lib_a-freer.o)
 .debug_line    0x000047f1      0x13b c:/bleedingedge/bin/../lib/gcc/arm-none-eabi/4.7.4/../../../../arm-none-eabi/lib/armv7-m\libg.a(lib_a-impure.o)
 .debug_line    0x0000492c      0x24b c:/bleedingedge/bin/../lib/gcc/arm-none-eabi/4.7.4/../../../../arm-none-eabi/lib/armv7-m\libg.a(lib_a-locale.o)
 .debug_line    0x00004b77      0x1b7 c:/bleedingedge/bin/../lib/gcc/arm-none-eabi/4.7.4/../../../../arm-none-eabi/lib/armv7-m\libg.a(lib_a-malloc.o)
 .debug_line    0x00004d2e      0x3a7 c:/bleedingedge/bin/../lib/gcc/arm-none-eabi/4.7.4/../../../../arm-none-eabi/lib/armv7-m\libg.a(lib_a-mallocr.o)
 .debug_line    0x000050d5      0x1ab c:/bleedingedge/bin/../lib/gcc/arm-none-eabi/4.7.4/../../../../arm-none-eabi/lib/armv7-m\libg.a(lib_a-memchr-stub.o)
 .debug_line    0x00005280       0xd7 c:/bleedingedge/bin/../lib/gcc/arm-none-eabi/4.7.4/../../../../arm-none-eabi/lib/armv7-m\libg.a(lib_a-memcpy.o)
 .debug_line    0x00005357      0x159 c:/bleedingedge/bin/../lib/gcc/arm-none-eabi/4.7.4/../../../../arm-none-eabi/lib/armv7-m\libg.a(lib_a-mlock.o)
 .debug_line    0x000054b0      0x8b9 c:/bleedingedge/bin/../lib/gcc/arm-none-eabi/4.7.4/../../../../arm-none-eabi/lib/armv7-m\libg.a(lib_a-mprec.o)
 .debug_line    0x00005d69      0x167 c:/bleedingedge/bin/../lib/gcc/arm-none-eabi/4.7.4/../../../../arm-none-eabi/lib/armv7-m\libg.a(lib_a-s_fpclassify.o)
 .debug_line    0x00005ed0      0x1a3 c:/bleedingedge/bin/../lib/gcc/arm-none-eabi/4.7.4/../../../../arm-none-eabi/lib/armv7-m\libg.a(lib_a-s_frexp.o)
 .debug_line    0x00006073      0x1a6 c:/bleedingedge/bin/../lib/gcc/arm-none-eabi/4.7.4/../../../../arm-none-eabi/lib/armv7-m\libg.a(lib_a-sbrkr.o)
 .debug_line    0x00006219      0x139 c:/bleedingedge/bin/../lib/gcc/arm-none-eabi/4.7.4/../../../../arm-none-eabi/lib/armv7-m\libg.a(lib_a-strlen.o)
 .debug_line    0x00006352      0x188 c:/bleedingedge/bin/../lib/gcc/arm-none-eabi/4.7.4/../../../../arm-none-eabi/lib/armv7-m\libg.a(lib_a-strncpy.o)
 .debug_line    0x000064da      0x6e5 c:/bleedingedge/bin/../lib/gcc/arm-none-eabi/4.7.4/../../../../arm-none-eabi/lib/armv7-m\libg.a(lib_a-svfiprintf.o)
 .debug_line    0x00006bbf      0x17c c:/bleedingedge/bin/../lib/gcc/arm-none-eabi/4.7.4/../../../../arm-none-eabi/lib/armv7-m\libg.a(lib_a-callocr.o)
 .debug_line    0x00006d3b      0x22e c:/bleedingedge/bin/../lib/gcc/arm-none-eabi/4.7.4/../../../../arm-none-eabi/lib/armv7-m\libg.a(lib_a-memmove.o)
 .debug_line    0x00006f69      0x1d0 c:/bleedingedge/bin/../lib/gcc/arm-none-eabi/4.7.4/../../../../arm-none-eabi/lib/armv7-m\libg.a(lib_a-memset.o)
 .debug_line    0x00007139      0x2df c:/bleedingedge/bin/../lib/gcc/arm-none-eabi/4.7.4/../../../../arm-none-eabi/lib/armv7-m\libg.a(lib_a-reallocr.o)
 .debug_line    0x00007418      0x1e5 c:/bleedingedge/bin/../lib/gcc/arm-none-eabi/4.7.4/../../../../arm-none-eabi/lib/armv7-m\libg.a(lib_a-reent.o)
 .debug_line    0x000075fd      0x219 c:/bleedingedge/bin/../lib/gcc/arm-none-eabi/4.7.4/armv7-m\libgcc.a(_arm_addsubdf3.o)
 .debug_line    0x00007816      0x235 c:/bleedingedge/bin/../lib/gcc/arm-none-eabi/4.7.4/armv7-m\libgcc.a(_arm_muldivdf3.o)
 .debug_line    0x00007a4b      0x11b c:/bleedingedge/bin/../lib/gcc/arm-none-eabi/4.7.4/armv7-m\libgcc.a(_arm_cmpdf2.o)
 .debug_line    0x00007b66       0x95 c:/bleedingedge/bin/../lib/gcc/arm-none-eabi/4.7.4/armv7-m\libgcc.a(_arm_fixdfsi.o)
 .debug_line    0x00007bfb       0x80 c:/bleedingedge/bin/../lib/gcc/arm-none-eabi/4.7.4/armv7-m\libgcc.a(_aeabi_uldivmod.o)
 .debug_line    0x00007c7b       0x80 c:/bleedingedge/bin/../lib/gcc/arm-none-eabi/4.7.4/armv7-m\libgcc.a(bpabi.o)
 .debug_line    0x00007cfb       0x7c c:/bleedingedge/bin/../lib/gcc/arm-none-eabi/4.7.4/armv7-m\libgcc.a(_dvmd_tls.o)
 .debug_line    0x00007d77       0xfd c:/bleedingedge/bin/../lib/gcc/arm-none-eabi/4.7.4/armv7-m\libgcc.a(_divdi3.o)
 .debug_line    0x00007e74       0xeb c:/bleedingedge/bin/../lib/gcc/arm-none-eabi/4.7.4/armv7-m\libgcc.a(_udivdi3.o)

.debug_str      0x00000000     0x4169
 .debug_str     0x00000000      0xcb2 ..\obj\stm32f10x_tim.o
                                0xd64 (size before relaxing)
 .debug_str     0x00000cb2       0xb6 ..\obj\startup_stm32f10x_md_vl.o
                                 0xf3 (size before relaxing)
 .debug_str     0x00000d68      0x165 ..\obj\system_stm32f10x.o
                                0x261 (size before relaxing)
 .debug_str     0x00000ecd      0x82c ..\obj\tcs3200.o
                                0xad5 (size before relaxing)
 .debug_str     0x000016f9      0x264 ..\obj\stm32f10x_gpio.o
                                0x4a0 (size before relaxing)
 .debug_str     0x0000195d       0xe0 ..\obj\main.o
                                0x1e0 (size before relaxing)
 .debug_str     0x00001a3d      0x149 ..\obj\lcd_hd44780_lib.o
                                0x368 (size before relaxing)
 .debug_str     0x00001b86      0x175 ..\obj\system.o
                                0x6d5 (size before relaxing)
 .debug_str     0x00001cfb       0xa5 ..\obj\Delay.o
                                0x328 (size before relaxing)
 .debug_str     0x00001da0      0x398 ..\obj\stm32f10x_rcc.o
                                0x5f4 (size before relaxing)
 .debug_str     0x00002138      0x108 ..\obj\stm32f10x_exti.o
                                0x2e5 (size before relaxing)
 .debug_str     0x00002240      0x159 ..\obj\syscalls.o
                                0x27e (size before relaxing)
 .debug_str     0x00002399      0x42e ..\obj\stm32f10x_flash.o
                                0x56f (size before relaxing)
 .debug_str     0x000027c7      0x36f ..\obj\stm32f10x_it.o
                                0x562 (size before relaxing)
 .debug_str     0x00002b36      0x10e ..\obj\misc.o
                                0x350 (size before relaxing)
 .debug_str     0x00002c44      0x42f c:/bleedingedge/bin/../lib/gcc/arm-none-eabi/4.7.4/../../../../arm-none-eabi/lib/armv7-m\libg.a(lib_a-sprintf.o)
                                0x568 (size before relaxing)
 .debug_str     0x00003073      0x2e0 c:/bleedingedge/bin/../lib/gcc/arm-none-eabi/4.7.4/../../../../arm-none-eabi/lib/armv7-m\libg.a(lib_a-svfprintf.o)
                                0x89d (size before relaxing)
 .debug_str     0x00003353      0x177 c:/bleedingedge/bin/../lib/gcc/arm-none-eabi/4.7.4/../../../../arm-none-eabi/lib/armv7-m\libg.a(lib_a-dtoa.o)
                                0x631 (size before relaxing)
 .debug_str     0x000034ca      0x1f8 c:/bleedingedge/bin/../lib/gcc/arm-none-eabi/4.7.4/../../../../arm-none-eabi/lib/armv7-m\libg.a(lib_a-freer.o)
                                0x694 (size before relaxing)
 .debug_str     0x000036c2       0xaa c:/bleedingedge/bin/../lib/gcc/arm-none-eabi/4.7.4/../../../../arm-none-eabi/lib/armv7-m\libg.a(lib_a-impure.o)
                                0x518 (size before relaxing)
 .debug_str     0x0000376c      0x197 c:/bleedingedge/bin/../lib/gcc/arm-none-eabi/4.7.4/../../../../arm-none-eabi/lib/armv7-m\libg.a(lib_a-locale.o)
                                0x798 (size before relaxing)
 .debug_str     0x00003903       0x59 c:/bleedingedge/bin/../lib/gcc/arm-none-eabi/4.7.4/../../../../arm-none-eabi/lib/armv7-m\libg.a(lib_a-malloc.o)
                                0x4ec (size before relaxing)
 .debug_str     0x0000395c       0xdf c:/bleedingedge/bin/../lib/gcc/arm-none-eabi/4.7.4/../../../../arm-none-eabi/lib/armv7-m\libg.a(lib_a-mallocr.o)
                                0x74a (size before relaxing)
 .debug_str     0x00003a3b       0x65 c:/bleedingedge/bin/../lib/gcc/arm-none-eabi/4.7.4/../../../../arm-none-eabi/lib/armv7-m\libg.a(lib_a-memchr-stub.o)
                                0x133 (size before relaxing)
 .debug_str     0x00003aa0       0x61 c:/bleedingedge/bin/../lib/gcc/arm-none-eabi/4.7.4/../../../../arm-none-eabi/lib/armv7-m\libg.a(lib_a-mlock.o)
                                0x4e1 (size before relaxing)
 .debug_str     0x00003b01       0xb7 c:/bleedingedge/bin/../lib/gcc/arm-none-eabi/4.7.4/../../../../arm-none-eabi/lib/armv7-m\libg.a(lib_a-mprec.o)
                                0x5eb (size before relaxing)
 .debug_str     0x00003bb8       0x53 c:/bleedingedge/bin/../lib/gcc/arm-none-eabi/4.7.4/../../../../arm-none-eabi/lib/armv7-m\libg.a(lib_a-s_fpclassify.o)
                                0x139 (size before relaxing)
 .debug_str     0x00003c0b       0x88 c:/bleedingedge/bin/../lib/gcc/arm-none-eabi/4.7.4/../../../../arm-none-eabi/lib/armv7-m\libg.a(lib_a-s_frexp.o)
                                0x16c (size before relaxing)
 .debug_str     0x00003c93       0x4b c:/bleedingedge/bin/../lib/gcc/arm-none-eabi/4.7.4/../../../../arm-none-eabi/lib/armv7-m\libg.a(lib_a-sbrkr.o)
                                0x4d0 (size before relaxing)
 .debug_str     0x00003cde       0x52 c:/bleedingedge/bin/../lib/gcc/arm-none-eabi/4.7.4/../../../../arm-none-eabi/lib/armv7-m\libg.a(lib_a-strlen.o)
                                0x114 (size before relaxing)
 .debug_str     0x00003d30       0x70 c:/bleedingedge/bin/../lib/gcc/arm-none-eabi/4.7.4/../../../../arm-none-eabi/lib/armv7-m\libg.a(lib_a-strncpy.o)
                                0x139 (size before relaxing)
 .debug_str     0x00003da0       0x78 c:/bleedingedge/bin/../lib/gcc/arm-none-eabi/4.7.4/../../../../arm-none-eabi/lib/armv7-m\libg.a(lib_a-svfiprintf.o)
                                0x84e (size before relaxing)
 .debug_str     0x00003e18       0x16 c:/bleedingedge/bin/../lib/gcc/arm-none-eabi/4.7.4/../../../../arm-none-eabi/lib/armv7-m\libg.a(lib_a-callocr.o)
                                0x574 (size before relaxing)
 .debug_str     0x00003e2e       0x57 c:/bleedingedge/bin/../lib/gcc/arm-none-eabi/4.7.4/../../../../arm-none-eabi/lib/armv7-m\libg.a(lib_a-memmove.o)
                                0x142 (size before relaxing)
 .debug_str     0x00003e85       0x61 c:/bleedingedge/bin/../lib/gcc/arm-none-eabi/4.7.4/../../../../arm-none-eabi/lib/armv7-m\libg.a(lib_a-memset.o)
                                0x123 (size before relaxing)
 .debug_str     0x00003ee6       0x4e c:/bleedingedge/bin/../lib/gcc/arm-none-eabi/4.7.4/../../../../arm-none-eabi/lib/armv7-m\libg.a(lib_a-reallocr.o)
                                0x61c (size before relaxing)
 .debug_str     0x00003f34       0x77 c:/bleedingedge/bin/../lib/gcc/arm-none-eabi/4.7.4/../../../../arm-none-eabi/lib/armv7-m\libg.a(lib_a-reent.o)
                                0x4f8 (size before relaxing)
 .debug_str     0x00003fab       0x8f c:/bleedingedge/bin/../lib/gcc/arm-none-eabi/4.7.4/armv7-m\libgcc.a(bpabi.o)
                                 0xe0 (size before relaxing)
 .debug_str     0x0000403a      0x12f c:/bleedingedge/bin/../lib/gcc/arm-none-eabi/4.7.4/armv7-m\libgcc.a(_divdi3.o)
                                0x207 (size before relaxing)
 .debug_str     0x00000000      0x208 c:/bleedingedge/bin/../lib/gcc/arm-none-eabi/4.7.4/armv7-m\libgcc.a(_udivdi3.o)

.comment        0x00000000       0x6a
 .comment       0x00000000       0x6a ..\obj\stm32f10x_tim.o
                                 0x6b (size before relaxing)
 .comment       0x00000000       0x6b ..\obj\startup_stm32f10x_md_vl.o
 .comment       0x00000000       0x6b ..\obj\system_stm32f10x.o
 .comment       0x00000000       0x6b ..\obj\tcs3200.o
 .comment       0x00000000       0x6b ..\obj\stm32f10x_gpio.o
 .comment       0x00000000       0x6b ..\obj\main.o
 .comment       0x00000000       0x6b ..\obj\lcd_hd44780_lib.o
 .comment       0x00000000       0x6b ..\obj\system.o
 .comment       0x00000000       0x6b ..\obj\Delay.o
 .comment       0x00000000       0x6b ..\obj\stm32f10x_rcc.o
 .comment       0x00000000       0x6b ..\obj\stm32f10x_exti.o
 .comment       0x00000000       0x6b ..\obj\syscalls.o
 .comment       0x00000000       0x6b ..\obj\stm32f10x_flash.o
 .comment       0x00000000       0x6b ..\obj\stm32f10x_it.o
 .comment       0x00000000       0x6b ..\obj\misc.o
 .comment       0x00000000       0x6b c:/bleedingedge/bin/../lib/gcc/arm-none-eabi/4.7.4/../../../../arm-none-eabi/lib/armv7-m\libg.a(lib_a-sprintf.o)
 .comment       0x00000000       0x6b c:/bleedingedge/bin/../lib/gcc/arm-none-eabi/4.7.4/../../../../arm-none-eabi/lib/armv7-m\libg.a(lib_a-svfprintf.o)
 .comment       0x00000000       0x6b c:/bleedingedge/bin/../lib/gcc/arm-none-eabi/4.7.4/../../../../arm-none-eabi/lib/armv7-m\libg.a(lib_a-dtoa.o)
 .comment       0x00000000       0x6b c:/bleedingedge/bin/../lib/gcc/arm-none-eabi/4.7.4/../../../../arm-none-eabi/lib/armv7-m\libg.a(lib_a-freer.o)
 .comment       0x00000000       0x6b c:/bleedingedge/bin/../lib/gcc/arm-none-eabi/4.7.4/../../../../arm-none-eabi/lib/armv7-m\libg.a(lib_a-impure.o)
 .comment       0x00000000       0x6b c:/bleedingedge/bin/../lib/gcc/arm-none-eabi/4.7.4/../../../../arm-none-eabi/lib/armv7-m\libg.a(lib_a-locale.o)
 .comment       0x00000000       0x6b c:/bleedingedge/bin/../lib/gcc/arm-none-eabi/4.7.4/../../../../arm-none-eabi/lib/armv7-m\libg.a(lib_a-malloc.o)
 .comment       0x00000000       0x6b c:/bleedingedge/bin/../lib/gcc/arm-none-eabi/4.7.4/../../../../arm-none-eabi/lib/armv7-m\libg.a(lib_a-mallocr.o)
 .comment       0x00000000       0x6b c:/bleedingedge/bin/../lib/gcc/arm-none-eabi/4.7.4/../../../../arm-none-eabi/lib/armv7-m\libg.a(lib_a-memchr-stub.o)
 .comment       0x00000000       0x6b c:/bleedingedge/bin/../lib/gcc/arm-none-eabi/4.7.4/../../../../arm-none-eabi/lib/armv7-m\libg.a(lib_a-mlock.o)
 .comment       0x00000000       0x6b c:/bleedingedge/bin/../lib/gcc/arm-none-eabi/4.7.4/../../../../arm-none-eabi/lib/armv7-m\libg.a(lib_a-mprec.o)
 .comment       0x00000000       0x6b c:/bleedingedge/bin/../lib/gcc/arm-none-eabi/4.7.4/../../../../arm-none-eabi/lib/armv7-m\libg.a(lib_a-s_fpclassify.o)
 .comment       0x00000000       0x6b c:/bleedingedge/bin/../lib/gcc/arm-none-eabi/4.7.4/../../../../arm-none-eabi/lib/armv7-m\libg.a(lib_a-s_frexp.o)
 .comment       0x00000000       0x6b c:/bleedingedge/bin/../lib/gcc/arm-none-eabi/4.7.4/../../../../arm-none-eabi/lib/armv7-m\libg.a(lib_a-sbrkr.o)
 .comment       0x00000000       0x6b c:/bleedingedge/bin/../lib/gcc/arm-none-eabi/4.7.4/../../../../arm-none-eabi/lib/armv7-m\libg.a(lib_a-strlen.o)
 .comment       0x00000000       0x6b c:/bleedingedge/bin/../lib/gcc/arm-none-eabi/4.7.4/../../../../arm-none-eabi/lib/armv7-m\libg.a(lib_a-strncpy.o)
 .comment       0x00000000       0x6b c:/bleedingedge/bin/../lib/gcc/arm-none-eabi/4.7.4/../../../../arm-none-eabi/lib/armv7-m\libg.a(lib_a-svfiprintf.o)
 .comment       0x00000000       0x6b c:/bleedingedge/bin/../lib/gcc/arm-none-eabi/4.7.4/../../../../arm-none-eabi/lib/armv7-m\libg.a(lib_a-callocr.o)
 .comment       0x00000000       0x6b c:/bleedingedge/bin/../lib/gcc/arm-none-eabi/4.7.4/../../../../arm-none-eabi/lib/armv7-m\libg.a(lib_a-memmove.o)
 .comment       0x00000000       0x6b c:/bleedingedge/bin/../lib/gcc/arm-none-eabi/4.7.4/../../../../arm-none-eabi/lib/armv7-m\libg.a(lib_a-memset.o)
 .comment       0x00000000       0x6b c:/bleedingedge/bin/../lib/gcc/arm-none-eabi/4.7.4/../../../../arm-none-eabi/lib/armv7-m\libg.a(lib_a-reallocr.o)
 .comment       0x00000000       0x6b c:/bleedingedge/bin/../lib/gcc/arm-none-eabi/4.7.4/../../../../arm-none-eabi/lib/armv7-m\libg.a(lib_a-reent.o)
 .comment       0x00000000       0x6b c:/bleedingedge/bin/../lib/gcc/arm-none-eabi/4.7.4/armv7-m\libgcc.a(bpabi.o)
 .comment       0x00000000       0x6b c:/bleedingedge/bin/../lib/gcc/arm-none-eabi/4.7.4/armv7-m\libgcc.a(_divdi3.o)
 .comment       0x00000000       0x6b c:/bleedingedge/bin/../lib/gcc/arm-none-eabi/4.7.4/armv7-m\libgcc.a(_udivdi3.o)

.ARM.attributes
                0x00000000       0x31
 .ARM.attributes
                0x00000000       0x33 ..\obj\stm32f10x_tim.o
 .ARM.attributes
                0x00000033       0x33 ..\obj\startup_stm32f10x_md_vl.o
 .ARM.attributes
                0x00000066       0x33 ..\obj\system_stm32f10x.o
 .ARM.attributes
                0x00000099       0x33 ..\obj\tcs3200.o
 .ARM.attributes
                0x000000cc       0x33 ..\obj\stm32f10x_gpio.o
 .ARM.attributes
                0x000000ff       0x33 ..\obj\main.o
 .ARM.attributes
                0x00000132       0x33 ..\obj\lcd_hd44780_lib.o
 .ARM.attributes
                0x00000165       0x33 ..\obj\system.o
 .ARM.attributes
                0x00000198       0x33 ..\obj\Delay.o
 .ARM.attributes
                0x000001cb       0x33 ..\obj\stm32f10x_rcc.o
 .ARM.attributes
                0x000001fe       0x33 ..\obj\stm32f10x_exti.o
 .ARM.attributes
                0x00000231       0x33 ..\obj\syscalls.o
 .ARM.attributes
                0x00000264       0x33 ..\obj\stm32f10x_flash.o
 .ARM.attributes
                0x00000297       0x33 ..\obj\stm32f10x_it.o
 .ARM.attributes
                0x000002ca       0x33 ..\obj\misc.o
 .ARM.attributes
                0x000002fd       0x2d c:/bleedingedge/bin/../lib/gcc/arm-none-eabi/4.7.4/../../../../arm-none-eabi/lib/armv7-m\libg.a(lib_a-sprintf.o)
 .ARM.attributes
                0x0000032a       0x2d c:/bleedingedge/bin/../lib/gcc/arm-none-eabi/4.7.4/../../../../arm-none-eabi/lib/armv7-m\libg.a(lib_a-svfprintf.o)
 .ARM.attributes
                0x00000357       0x2d c:/bleedingedge/bin/../lib/gcc/arm-none-eabi/4.7.4/../../../../arm-none-eabi/lib/armv7-m\libg.a(lib_a-dtoa.o)
 .ARM.attributes
                0x00000384       0x2d c:/bleedingedge/bin/../lib/gcc/arm-none-eabi/4.7.4/../../../../arm-none-eabi/lib/armv7-m\libg.a(lib_a-freer.o)
 .ARM.attributes
                0x000003b1       0x2d c:/bleedingedge/bin/../lib/gcc/arm-none-eabi/4.7.4/../../../../arm-none-eabi/lib/armv7-m\libg.a(lib_a-impure.o)
 .ARM.attributes
                0x000003de       0x2d c:/bleedingedge/bin/../lib/gcc/arm-none-eabi/4.7.4/../../../../arm-none-eabi/lib/armv7-m\libg.a(lib_a-locale.o)
 .ARM.attributes
                0x0000040b       0x2d c:/bleedingedge/bin/../lib/gcc/arm-none-eabi/4.7.4/../../../../arm-none-eabi/lib/armv7-m\libg.a(lib_a-malloc.o)
 .ARM.attributes
                0x00000438       0x2d c:/bleedingedge/bin/../lib/gcc/arm-none-eabi/4.7.4/../../../../arm-none-eabi/lib/armv7-m\libg.a(lib_a-mallocr.o)
 .ARM.attributes
                0x00000465       0x2d c:/bleedingedge/bin/../lib/gcc/arm-none-eabi/4.7.4/../../../../arm-none-eabi/lib/armv7-m\libg.a(lib_a-memchr-stub.o)
 .ARM.attributes
                0x00000492       0x1b c:/bleedingedge/bin/../lib/gcc/arm-none-eabi/4.7.4/../../../../arm-none-eabi/lib/armv7-m\libg.a(lib_a-memcpy.o)
 .ARM.attributes
                0x000004ad       0x2d c:/bleedingedge/bin/../lib/gcc/arm-none-eabi/4.7.4/../../../../arm-none-eabi/lib/armv7-m\libg.a(lib_a-mlock.o)
 .ARM.attributes
                0x000004da       0x2d c:/bleedingedge/bin/../lib/gcc/arm-none-eabi/4.7.4/../../../../arm-none-eabi/lib/armv7-m\libg.a(lib_a-mprec.o)
 .ARM.attributes
                0x00000507       0x2d c:/bleedingedge/bin/../lib/gcc/arm-none-eabi/4.7.4/../../../../arm-none-eabi/lib/armv7-m\libg.a(lib_a-s_fpclassify.o)
 .ARM.attributes
                0x00000534       0x2d c:/bleedingedge/bin/../lib/gcc/arm-none-eabi/4.7.4/../../../../arm-none-eabi/lib/armv7-m\libg.a(lib_a-s_frexp.o)
 .ARM.attributes
                0x00000561       0x2d c:/bleedingedge/bin/../lib/gcc/arm-none-eabi/4.7.4/../../../../arm-none-eabi/lib/armv7-m\libg.a(lib_a-sbrkr.o)
 .ARM.attributes
                0x0000058e       0x2d c:/bleedingedge/bin/../lib/gcc/arm-none-eabi/4.7.4/../../../../arm-none-eabi/lib/armv7-m\libg.a(lib_a-strlen.o)
 .ARM.attributes
                0x000005bb       0x2d c:/bleedingedge/bin/../lib/gcc/arm-none-eabi/4.7.4/../../../../arm-none-eabi/lib/armv7-m\libg.a(lib_a-strncpy.o)
 .ARM.attributes
                0x000005e8       0x2d c:/bleedingedge/bin/../lib/gcc/arm-none-eabi/4.7.4/../../../../arm-none-eabi/lib/armv7-m\libg.a(lib_a-svfiprintf.o)
 .ARM.attributes
                0x00000615       0x2d c:/bleedingedge/bin/../lib/gcc/arm-none-eabi/4.7.4/../../../../arm-none-eabi/lib/armv7-m\libg.a(lib_a-callocr.o)
 .ARM.attributes
                0x00000642       0x2d c:/bleedingedge/bin/../lib/gcc/arm-none-eabi/4.7.4/../../../../arm-none-eabi/lib/armv7-m\libg.a(lib_a-memmove.o)
 .ARM.attributes
                0x0000066f       0x2d c:/bleedingedge/bin/../lib/gcc/arm-none-eabi/4.7.4/../../../../arm-none-eabi/lib/armv7-m\libg.a(lib_a-memset.o)
 .ARM.attributes
                0x0000069c       0x2d c:/bleedingedge/bin/../lib/gcc/arm-none-eabi/4.7.4/../../../../arm-none-eabi/lib/armv7-m\libg.a(lib_a-reallocr.o)
 .ARM.attributes
                0x000006c9       0x2d c:/bleedingedge/bin/../lib/gcc/arm-none-eabi/4.7.4/../../../../arm-none-eabi/lib/armv7-m\libg.a(lib_a-reent.o)
 .ARM.attributes
                0x000006f6       0x1d c:/bleedingedge/bin/../lib/gcc/arm-none-eabi/4.7.4/armv7-m\libgcc.a(_arm_addsubdf3.o)
 .ARM.attributes
                0x00000713       0x1d c:/bleedingedge/bin/../lib/gcc/arm-none-eabi/4.7.4/armv7-m\libgcc.a(_arm_muldivdf3.o)
 .ARM.attributes
                0x00000730       0x1d c:/bleedingedge/bin/../lib/gcc/arm-none-eabi/4.7.4/armv7-m\libgcc.a(_arm_cmpdf2.o)
 .ARM.attributes
                0x0000074d       0x1d c:/bleedingedge/bin/../lib/gcc/arm-none-eabi/4.7.4/armv7-m\libgcc.a(_arm_fixdfsi.o)
 .ARM.attributes
                0x0000076a       0x1d c:/bleedingedge/bin/../lib/gcc/arm-none-eabi/4.7.4/armv7-m\libgcc.a(_aeabi_uldivmod.o)
 .ARM.attributes
                0x00000787       0x2d c:/bleedingedge/bin/../lib/gcc/arm-none-eabi/4.7.4/armv7-m\libgcc.a(bpabi.o)
 .ARM.attributes
                0x000007b4       0x1d c:/bleedingedge/bin/../lib/gcc/arm-none-eabi/4.7.4/armv7-m\libgcc.a(_dvmd_tls.o)
 .ARM.attributes
                0x000007d1       0x2d c:/bleedingedge/bin/../lib/gcc/arm-none-eabi/4.7.4/armv7-m\libgcc.a(_divdi3.o)
 .ARM.attributes
                0x000007fe       0x2d c:/bleedingedge/bin/../lib/gcc/arm-none-eabi/4.7.4/armv7-m\libgcc.a(_udivdi3.o)

.debug_frame    0x00000000     0x28e4
 .debug_frame   0x00000000      0xa20 ..\obj\stm32f10x_tim.o
 .debug_frame   0x00000a20       0x48 ..\obj\startup_stm32f10x_md_vl.o
 .debug_frame   0x00000a68       0x80 ..\obj\system_stm32f10x.o
 .debug_frame   0x00000ae8      0x2bc ..\obj\tcs3200.o
 .debug_frame   0x00000da4      0x210 ..\obj\stm32f10x_gpio.o
 .debug_frame   0x00000fb4       0x30 ..\obj\main.o
 .debug_frame   0x00000fe4      0x1a8 ..\obj\lcd_hd44780_lib.o
 .debug_frame   0x0000118c       0xd8 ..\obj\system.o
 .debug_frame   0x00001264       0xb4 ..\obj\Delay.o
 .debug_frame   0x00001318      0x3a4 ..\obj\stm32f10x_rcc.o
 .debug_frame   0x000016bc       0xec ..\obj\stm32f10x_exti.o
 .debug_frame   0x000017a8      0x108 ..\obj\syscalls.o
 .debug_frame   0x000018b0      0x338 ..\obj\stm32f10x_flash.o
 .debug_frame   0x00001be8      0x454 ..\obj\stm32f10x_it.o
 .debug_frame   0x0000203c       0x9c ..\obj\misc.o
 .debug_frame   0x000020d8       0x64 c:/bleedingedge/bin/../lib/gcc/arm-none-eabi/4.7.4/../../../../arm-none-eabi/lib/armv7-m\libg.a(lib_a-sprintf.o)
 .debug_frame   0x0000213c       0x3c c:/bleedingedge/bin/../lib/gcc/arm-none-eabi/4.7.4/../../../../arm-none-eabi/lib/armv7-m\libg.a(lib_a-svfprintf.o)
 .debug_frame   0x00002178       0x64 c:/bleedingedge/bin/../lib/gcc/arm-none-eabi/4.7.4/../../../../arm-none-eabi/lib/armv7-m\libg.a(lib_a-dtoa.o)
 .debug_frame   0x000021dc       0x50 c:/bleedingedge/bin/../lib/gcc/arm-none-eabi/4.7.4/../../../../arm-none-eabi/lib/armv7-m\libg.a(lib_a-freer.o)
 .debug_frame   0x0000222c       0xa0 c:/bleedingedge/bin/../lib/gcc/arm-none-eabi/4.7.4/../../../../arm-none-eabi/lib/armv7-m\libg.a(lib_a-locale.o)
 .debug_frame   0x000022cc       0x30 c:/bleedingedge/bin/../lib/gcc/arm-none-eabi/4.7.4/../../../../arm-none-eabi/lib/armv7-m\libg.a(lib_a-malloc.o)
 .debug_frame   0x000022fc       0x38 c:/bleedingedge/bin/../lib/gcc/arm-none-eabi/4.7.4/../../../../arm-none-eabi/lib/armv7-m\libg.a(lib_a-mallocr.o)
 .debug_frame   0x00002334       0x2c c:/bleedingedge/bin/../lib/gcc/arm-none-eabi/4.7.4/../../../../arm-none-eabi/lib/armv7-m\libg.a(lib_a-memchr-stub.o)
 .debug_frame   0x00002360       0x30 c:/bleedingedge/bin/../lib/gcc/arm-none-eabi/4.7.4/../../../../arm-none-eabi/lib/armv7-m\libg.a(lib_a-mlock.o)
 .debug_frame   0x00002390      0x244 c:/bleedingedge/bin/../lib/gcc/arm-none-eabi/4.7.4/../../../../arm-none-eabi/lib/armv7-m\libg.a(lib_a-mprec.o)
 .debug_frame   0x000025d4       0x20 c:/bleedingedge/bin/../lib/gcc/arm-none-eabi/4.7.4/../../../../arm-none-eabi/lib/armv7-m\libg.a(lib_a-s_fpclassify.o)
 .debug_frame   0x000025f4       0x34 c:/bleedingedge/bin/../lib/gcc/arm-none-eabi/4.7.4/../../../../arm-none-eabi/lib/armv7-m\libg.a(lib_a-s_frexp.o)
 .debug_frame   0x00002628       0x2c c:/bleedingedge/bin/../lib/gcc/arm-none-eabi/4.7.4/../../../../arm-none-eabi/lib/armv7-m\libg.a(lib_a-sbrkr.o)
 .debug_frame   0x00002654       0x20 c:/bleedingedge/bin/../lib/gcc/arm-none-eabi/4.7.4/../../../../arm-none-eabi/lib/armv7-m\libg.a(lib_a-strlen.o)
 .debug_frame   0x00002674       0x2c c:/bleedingedge/bin/../lib/gcc/arm-none-eabi/4.7.4/../../../../arm-none-eabi/lib/armv7-m\libg.a(lib_a-strncpy.o)
 .debug_frame   0x000026a0       0x88 c:/bleedingedge/bin/../lib/gcc/arm-none-eabi/4.7.4/../../../../arm-none-eabi/lib/armv7-m\libg.a(lib_a-svfiprintf.o)
 .debug_frame   0x00002728       0x28 c:/bleedingedge/bin/../lib/gcc/arm-none-eabi/4.7.4/../../../../arm-none-eabi/lib/armv7-m\libg.a(lib_a-callocr.o)
 .debug_frame   0x00002750       0x30 c:/bleedingedge/bin/../lib/gcc/arm-none-eabi/4.7.4/../../../../arm-none-eabi/lib/armv7-m\libg.a(lib_a-memmove.o)
 .debug_frame   0x00002780       0x2c c:/bleedingedge/bin/../lib/gcc/arm-none-eabi/4.7.4/../../../../arm-none-eabi/lib/armv7-m\libg.a(lib_a-memset.o)
 .debug_frame   0x000027ac       0x38 c:/bleedingedge/bin/../lib/gcc/arm-none-eabi/4.7.4/../../../../arm-none-eabi/lib/armv7-m\libg.a(lib_a-reallocr.o)
 .debug_frame   0x000027e4       0x48 c:/bleedingedge/bin/../lib/gcc/arm-none-eabi/4.7.4/../../../../arm-none-eabi/lib/armv7-m\libg.a(lib_a-reent.o)
 .debug_frame   0x0000282c       0x50 c:/bleedingedge/bin/../lib/gcc/arm-none-eabi/4.7.4/armv7-m\libgcc.a(bpabi.o)
 .debug_frame   0x0000287c       0x34 c:/bleedingedge/bin/../lib/gcc/arm-none-eabi/4.7.4/armv7-m\libgcc.a(_divdi3.o)
 .debug_frame   0x000028b0       0x34 c:/bleedingedge/bin/../lib/gcc/arm-none-eabi/4.7.4/armv7-m\libgcc.a(_udivdi3.o)
